Component: ARM Compiler 5.06 update 6 (build 750) Tool: armlink [4d35ed]

==============================================================================

Section Cross References

    startup_mk66f18.o(RESET) refers to startup_mk66f18.o(STACK) for __initial_sp
    startup_mk66f18.o(RESET) refers to startup_mk66f18.o(.text) for Reset_Handler
    startup_mk66f18.o(RESET) refers to system_mk66.o(i.NMI_Handler) for NMI_Handler
    startup_mk66f18.o(RESET) refers to isr.o(i.DMA0_IRQHandler) for DMA0_IRQHandler
    startup_mk66f18.o(RESET) refers to isr.o(i.UART3_RX_TX_IRQHandler) for UART3_RX_TX_IRQHandler
    startup_mk66f18.o(RESET) refers to isr.o(i.PIT0_IRQHandler) for PIT0_IRQHandler
    startup_mk66f18.o(RESET) refers to isr.o(i.PORTA_IRQHandler) for PORTA_IRQHandler
    startup_mk66f18.o(RESET) refers to isr.o(i.PORTC_IRQHandler) for PORTC_IRQHandler
    startup_mk66f18.o(RESET) refers to isr.o(i.PORTD_IRQHandler) for PORTD_IRQHandler
    startup_mk66f18.o(RESET) refers to isr.o(i.UART4_RX_TX_IRQHandler) for UART4_RX_TX_IRQHandler
    startup_mk66f18.o(.text) refers to system_mk66.o(i.Start) for Start
    startup_mk66f18.o(.text) refers to entry.o(.ARM.Collect$$$$00000000) for __main
    system_mk66.o(i.SYSTEM_CLK) refers to system_mk66.o(i.div_set) for div_set
    system_mk66.o(i.Start) refers to system_mk66.o(i.Disable_Wdog) for Disable_Wdog
    system_mk66.o(i.Start) refers to system_mk66.o(i.SYSTEM_CLK) for SYSTEM_CLK
    system_mk66.o(i.Start) refers to mk60_gpio.o(i.gpio_init) for gpio_init
    common.o(i.get_clk) refers to mk60_uart.o(i.uart_init) for uart_init
    common.o(i.get_clk) refers to common.o(.data) for mcgout_clk_mhz
    mk60_adc.o(i.adc_init) refers to mk60_port.o(i.port_init) for port_init
    mk60_adc.o(i.adc_once) refers to mk60_adc.o(i.adc_start) for adc_start
    mk60_adc.o(i.adc_once) refers to mk60_adc.o(.constdata) for ADCX
    mk60_adc.o(i.adc_start) refers to mk60_adc.o(.constdata) for ADCX
    mk60_adc.o(i.adc_stop) refers to mk60_adc.o(.constdata) for ADCX
    mk60_cmt.o(i.cmt_pwm_duty) refers to mk60_cmt.o(.data) for cmt_period
    mk60_cmt.o(i.cmt_pwm_freq) refers to common.o(.data) for bus_clk_mhz
    mk60_cmt.o(i.cmt_pwm_freq) refers to mk60_cmt.o(.data) for cmt_period
    mk60_cmt.o(i.cmt_pwm_init) refers to mk60_port.o(i.port_init) for port_init
    mk60_cmt.o(i.cmt_pwm_init) refers to common.o(.data) for bus_clk_mhz
    mk60_cmt.o(i.cmt_pwm_init) refers to mk60_cmt.o(.data) for cmt_period
    mk60_dac.o(i.dac_init) refers to mk60_dac.o(.constdata) for DACX
    mk60_dac.o(i.dac_out) refers to mk60_dac.o(.constdata) for DACX
    mk60_dma.o(i.dma_portx2buff_init) refers to mk60_port.o(i.port_init) for port_init
    mk60_dma.o(i.dma_portx2buff_init) refers to mk60_gpio.o(i.gpio_init) for gpio_init
    mk60_flash.o(i.FLASH_EraseSector) refers to mk60_flash.o(i.FlashCmdStart) for FlashCmdStart
    mk60_flash.o(i.FLASH_WriteSector) refers to mk60_flash.o(i.FlashCmdStart) for FlashCmdStart
    mk60_flash.o(i.FlashCmdStart) refers to mk60_flash.o(.data) for s_flash_command_run
    mk60_ftm.o(i.FTM_port_mux) refers to mk60_port.o(i.port_init) for port_init
    mk60_ftm.o(i.ftm_input_clean) refers to mk60_ftm.o(.constdata) for FTMX
    mk60_ftm.o(i.ftm_input_get) refers to mk60_ftm.o(.constdata) for FTMX
    mk60_ftm.o(i.ftm_input_init) refers to mk60_ftm.o(i.FTM_port_mux) for FTM_port_mux
    mk60_ftm.o(i.ftm_input_init) refers to mk60_ftm.o(.constdata) for FTMX
    mk60_ftm.o(i.ftm_input_init) refers to common.o(.data) for bus_clk_mhz
    mk60_ftm.o(i.ftm_pwm_duty) refers to mk60_ftm.o(.data) for period
    mk60_ftm.o(i.ftm_pwm_duty) refers to mk60_ftm.o(.constdata) for FTMX
    mk60_ftm.o(i.ftm_pwm_freq) refers to common.o(.data) for bus_clk_mhz
    mk60_ftm.o(i.ftm_pwm_freq) refers to mk60_ftm.o(.data) for period
    mk60_ftm.o(i.ftm_pwm_freq) refers to mk60_ftm.o(.constdata) for FTMX
    mk60_ftm.o(i.ftm_pwm_init) refers to mk60_ftm.o(i.FTM_port_mux) for FTM_port_mux
    mk60_ftm.o(i.ftm_pwm_init) refers to common.o(.data) for bus_clk_mhz
    mk60_ftm.o(i.ftm_pwm_init) refers to mk60_ftm.o(.data) for period
    mk60_ftm.o(i.ftm_pwm_init) refers to mk60_ftm.o(.constdata) for FTMX
    mk60_ftm.o(i.ftm_quad_clean) refers to mk60_ftm.o(.constdata) for FTMX
    mk60_ftm.o(i.ftm_quad_get) refers to mk60_ftm.o(.constdata) for FTMX
    mk60_ftm.o(i.ftm_quad_init) refers to mk60_port.o(i.port_init) for port_init
    mk60_ftm.o(i.ftm_quad_init) refers to mk60_ftm.o(.constdata) for FTMX
    mk60_gpio.o(i.gpio_ddr) refers to mk60_gpio.o(.constdata) for GPIOX
    mk60_gpio.o(i.gpio_get) refers to mk60_gpio.o(.constdata) for GPIOX
    mk60_gpio.o(i.gpio_init) refers to mk60_gpio.o(.constdata) for PORTX
    mk60_gpio.o(i.gpio_set) refers to mk60_gpio.o(.constdata) for GPIOX
    mk60_gpio.o(i.gpio_turn) refers to mk60_gpio.o(.constdata) for GPIOX
    mk60_i2c.o(i.i2c_init) refers to memcpya.o(.text) for __aeabi_memcpy4
[...]
    printf7.o(i.__0vprintf$7) refers to printf7.o(i._printf_core) for _printf_core
    printf7.o(i.__0vprintf$7) refers to mk60_uart.o(i.fputc) for fputc
    printf7.o(i.__0vprintf$7) refers to stdout.o(.data) for __stdout
    printf7.o(i.__0vsnprintf$7) refers to printf7.o(i._printf_core) for _printf_core
    printf7.o(i.__0vsnprintf$7) refers to printf7.o(i._snputc) for _snputc
    printf7.o(i.__0vsprintf$7) refers to printf7.o(i._printf_core) for _printf_core
    printf7.o(i.__0vsprintf$7) refers to printf7.o(i._sputc) for _sputc
    printf7.o(i._printf_core) refers to printf7.o(i._printf_pre_padding) for _printf_pre_padding
    printf7.o(i._printf_core) refers to uldiv.o(.text) for __aeabi_uldivmod
    printf7.o(i._printf_core) refers to printf7.o(i._printf_post_padding) for _printf_post_padding
    printf8.o(i.__0fprintf$8) refers to printf8.o(i._printf_core) for _printf_core
    printf8.o(i.__0fprintf$8) refers to mk60_uart.o(i.fputc) for fputc
    printf8.o(i.__0printf$8) refers to printf8.o(i._printf_core) for _printf_core
    printf8.o(i.__0printf$8) refers to mk60_uart.o(i.fputc) for fputc
    printf8.o(i.__0printf$8) refers to stdout.o(.data) for __stdout
    printf8.o(i.__0snprintf$8) refers to printf8.o(i._printf_core) for _printf_core
    printf8.o(i.__0snprintf$8) refers to printf8.o(i._snputc) for _snputc
    printf8.o(i.__0sprintf$8) refers to printf8.o(i._printf_core) for _printf_core
    printf8.o(i.__0sprintf$8) refers to printf8.o(i._sputc) for _sputc
    printf8.o(i.__0vfprintf$8) refers to printf8.o(i._printf_core) for _printf_core
    printf8.o(i.__0vfprintf$8) refers to mk60_uart.o(i.fputc) for fputc
    printf8.o(i.__0vprintf$8) refers to printf8.o(i._printf_core) for _printf_core
    printf8.o(i.__0vprintf$8) refers to mk60_uart.o(i.fputc) for fputc
    printf8.o(i.__0vprintf$8) refers to stdout.o(.data) for __stdout
    printf8.o(i.__0vsnprintf$8) refers to printf8.o(i._printf_core) for _printf_core
    printf8.o(i.__0vsnprintf$8) refers to printf8.o(i._snputc) for _snputc
    printf8.o(i.__0vsprintf$8) refers to printf8.o(i._printf_core) for _printf_core
    printf8.o(i.__0vsprintf$8) refers to printf8.o(i._sputc) for _sputc
    printf8.o(i._printf_core) refers to printf8.o(i._printf_pre_padding) for _printf_pre_padding
    printf8.o(i._printf_core) refers to uldiv.o(.text) for __aeabi_uldivmod
    printf8.o(i._printf_core) refers to printf8.o(i._printf_post_padding) for _printf_post_padding
    printfa.o(i.__0fprintf) refers (Special) to iusefp.o(.text) for __I$use$fp
    printfa.o(i.__0fprintf) refers to printfa.o(i._printf_core) for _printf_core
    printfa.o(i.__0fprintf) refers to mk60_uart.o(i.fputc) for fputc
    printfa.o(i.__0printf) refers (Special) to iusefp.o(.text) for __I$use$fp
    printfa.o(i.__0printf) refers to printfa.o(i._printf_core) for _printf_core
    printfa.o(i.__0printf) refers to mk60_uart.o(i.fputc) for fputc
    printfa.o(i.__0printf) refers to stdout.o(.data) for __stdout
    printfa.o(i.__0snprintf) refers (Special) to iusefp.o(.text) for __I$use$fp
    printfa.o(i.__0snprintf) refers to printfa.o(i._printf_core) for _printf_core
    printfa.o(i.__0snprintf) refers to printfa.o(i._snputc) for _snputc
    printfa.o(i.__0sprintf) refers (Special) to iusefp.o(.text) for __I$use$fp
    printfa.o(i.__0sprintf) refers to printfa.o(i._printf_core) for _printf_core
    printfa.o(i.__0sprintf) refers to printfa.o(i._sputc) for _sputc
    printfa.o(i.__0vfprintf) refers (Special) to iusefp.o(.text) for __I$use$fp
    printfa.o(i.__0vfprintf) refers to printfa.o(i._printf_core) for _printf_core
    printfa.o(i.__0vfprintf) refers to mk60_uart.o(i.fputc) for fputc
    printfa.o(i.__0vprintf) refers (Special) to iusefp.o(.text) for __I$use$fp
    printfa.o(i.__0vprintf) refers to printfa.o(i._printf_core) for _printf_core
    printfa.o(i.__0vprintf) refers to mk60_uart.o(i.fputc) for fputc
    printfa.o(i.__0vprintf) refers to stdout.o(.data) for __stdout
    printfa.o(i.__0vsnprintf) refers (Special) to iusefp.o(.text) for __I$use$fp
    printfa.o(i.__0vsnprintf) refers to printfa.o(i._printf_core) for _printf_core
    printfa.o(i.__0vsnprintf) refers to printfa.o(i._snputc) for _snputc
    printfa.o(i.__0vsprintf) refers (Special) to iusefp.o(.text) for __I$use$fp
    printfa.o(i.__0vsprintf) refers to printfa.o(i._printf_core) for _printf_core
    printfa.o(i.__0vsprintf) refers to printfa.o(i._sputc) for _sputc
    printfa.o(i._fp_digits) refers (Special) to iusefp.o(.text) for __I$use$fp
    printfa.o(i._fp_digits) refers to dmul.o(.text) for __aeabi_dmul
    printfa.o(i._fp_digits) refers to ddiv.o(.text) for __aeabi_ddiv
    printfa.o(i._fp_digits) refers to cdrcmple.o(.text) for __aeabi_cdrcmple
    printfa.o(i._fp_digits) refers to dadd.o(.text) for __aeabi_dadd
    printfa.o(i._fp_digits) refers to dfixul.o(.text) for __aeabi_d2ulz
    printfa.o(i._fp_digits) refers to uldiv.o(.text) for __aeabi_uldivmod
    printfa.o(i._printf_core) refers (Special) to iusefp.o(.text) for __I$use$fp
    printfa.o(i._printf_core) refers to printfa.o(i._printf_pre_padding) for _printf_pre_padding
    printfa.o(i._printf_core) refers to uldiv.o(.text) for __aeabi_uldivmod
    printfa.o(i._printf_core) refers to printfa.o(i._printf_post_padding) for _printf_post_padding
    printfa.o(i._printf_core) refers to printfa.o(i._fp_digits) for _fp_digits
    printfa.o(i._printf_core) refers to uidiv.o(.text) for __aeabi_uidivmod
    printfa.o(i._printf_post_padding) refers (Special) to iusefp.o(.text) for __I$use$fp
    printfa.o(i._printf_pre_padding) refers (Special) to iusefp.o(.text) for __I$use$fp
    printfa.o(i._snputc) refers (Special) to iusefp.o(.text) for __I$use$fp
    printfa.o(i._sputc) refers (Special) to iusefp.o(.text) for __I$use$fp
    malloc.o(i.free) refers to mvars.o(.data) for __microlib_freelist
    malloc.o(i.malloc) refers to mvars.o(.data) for __microlib_freelist_initialised
    malloc.o(i.malloc) refers to mvars.o(.data) for __microlib_freelist
    malloc.o(i.malloc) refers to startup_mk66f18.o(HEAP) for __heap_base
    mallocr.o(i.__free$realloc) refers to mvars.o(.data) for __microlib_freelist
    mallocr.o(i.__malloc$realloc) refers to mallocr.o(i.internal_alloc) for internal_alloc
    mallocr.o(i.__malloc$realloc) refers to mvars.o(.data) for __microlib_freelist_initialised
    mallocr.o(i.__malloc$realloc) refers to startup_mk66f18.o(HEAP) for __heap_base
    mallocr.o(i.__malloc$realloc) refers to mvars.o(.data) for __microlib_freelist
    mallocr.o(i.internal_alloc) refers to memcpya.o(.text) for __aeabi_memcpy
    mallocr.o(i.internal_alloc) refers to mvars.o(.data) for __microlib_freelist
    mallocr.o(i.realloc) refers to mallocr.o(i.__free$realloc) for __free$realloc
    mallocr.o(i.realloc) refers to mallocr.o(i.internal_alloc) for internal_alloc
    mallocr.o(i.realloc) refers to mallocr.o(i.__malloc$realloc) for __malloc$realloc
    mallocr.o(i.realloc) refers to mvars.o(.data) for __microlib_freelist
    malloca.o(i.__aligned_malloc) refers to mvars.o(.data) for __microlib_freelist_initialised
    malloca.o(i.__aligned_malloc) refers to mvars.o(.data) for __microlib_freelist
    malloca.o(i.__aligned_malloc) refers to startup_mk66f18.o(HEAP) for __heap_base
    malloca.o(i.__free$memalign) refers to mvars.o(.data) for __microlib_freelist
    malloca.o(i.__malloc$memalign) refers to malloca.o(i.__aligned_malloc) for __aligned_malloc
    mallocra.o(i.__aligned_malloc$realloc) refers to mallocra.o(i.internal_alloc) for internal_alloc
    mallocra.o(i.__aligned_malloc$realloc) refers to mvars.o(.data) for __microlib_freelist_initialised
    mallocra.o(i.__aligned_malloc$realloc) refers to startup_mk66f18.o(HEAP) for __heap_base
    mallocra.o(i.__aligned_malloc$realloc) refers to mvars.o(.data) for __microlib_freelist
    mallocra.o(i.__free$realloc$memalign) refers to mvars.o(.data) for __microlib_freelist
    mallocra.o(i.__malloc$realloc$memalign) refers to mallocra.o(i.__aligned_malloc$realloc) for __aligned_malloc$realloc
    mallocra.o(i.__realloc$memalign) refers to mallocra.o(i.__free$realloc$memalign) for __free$realloc$memalign
    mallocra.o(i.__realloc$memalign) refers to mallocra.o(i.internal_alloc) for internal_alloc
    mallocra.o(i.__realloc$memalign) refers to mallocra.o(i.__malloc$realloc$memalign) for __malloc$realloc$memalign
    mallocra.o(i.__realloc$memalign) refers to mvars.o(.data) for __microlib_freelist
    mallocra.o(i.internal_alloc) refers to memcpya.o(.text) for __aeabi_memcpy
    mallocra.o(i.internal_alloc) refers to mvars.o(.data) for __microlib_freelist
    dadd.o(.text) refers (Special) to iusefp.o(.text) for __I$use$fp
    dadd.o(.text) refers to llshl.o(.text) for __aeabi_llsl
    dadd.o(.text) refers to llsshr.o(.text) for __aeabi_lasr
    dadd.o(.text) refers to depilogue.o(.text) for _double_epilogue
    dmul.o(.text) refers (Special) to iusefp.o(.text) for __I$use$fp
    dmul.o(.text) refers to depilogue.o(.text) for _double_epilogue
    dfixui.o(.text) refers (Special) to iusefp.o(.text) for __I$use$fp
    dfixui.o(.text) refers to llushr.o(.text) for __aeabi_llsr
    f2d.o(.text) refers (Special) to iusefp.o(.text) for __I$use$fp
    entry2.o(.ARM.Collect$$$$00000001) refers to entry2.o(.ARM.Collect$$$$00002712) for __lit__00000000
    entry2.o(.ARM.Collect$$$$00002712) refers to startup_mk66f18.o(STACK) for __initial_sp
    entry2.o(__vectab_stack_and_reset_area) refers to startup_mk66f18.o(STACK) for __initial_sp
    entry2.o(__vectab_stack_and_reset_area) refers to entry.o(.ARM.Collect$$$$00000000) for __main
    entry5.o(.ARM.Collect$$$$00000004) refers to init.o(.text) for __scatterload
    entry9a.o(.ARM.Collect$$$$0000000B) refers to main.o(i.main) for main
    entry9b.o(.ARM.Collect$$$$0000000C) refers to main.o(i.main) for main
    uldiv.o(.text) refers to llushr.o(.text) for __aeabi_llsr
    uldiv.o(.text) refers to llshl.o(.text) for __aeabi_llsl
    depilogue.o(.text) refers to llshl.o(.text) for __aeabi_llsl
    depilogue.o(.text) refers to llushr.o(.text) for __aeabi_llsr
    ddiv.o(.text) refers to depilogue.o(.text) for _double_round
    dfixul.o(.text) refers to llushr.o(.text) for __aeabi_llsr
    dfixul.o(.text) refers to llshl.o(.text) for __aeabi_llsl
    init.o(.text) refers to entry5.o(.ARM.Collect$$$$00000004) for __main_after_scatterload


==============================================================================

Removing Unused input sections from the image.

    Removing startup_mk66f18.o(HEAP), (0 bytes).
    Removing system_mk66.o(.rev16_text), (4 bytes).
    Removing system_mk66.o(.revsh_text), (4 bytes).
    Removing common.o(.rev16_text), (4 bytes).
    Removing common.o(.revsh_text), (4 bytes).
    Removing misc.o(.rev16_text), (4 bytes).
    Removing misc.o(.revsh_text), (4 bytes).
    Removing misc.o(i.write_vtor), (12 bytes).
    Removing mk60_adc.o(.rev16_text), (4 bytes).
    Removing mk60_adc.o(.revsh_text), (4 bytes).
    Removing mk60_adc.o(i.adc_stop), (16 bytes).
    Removing mk60_cmt.o(.rev16_text), (4 bytes).
    Removing mk60_cmt.o(.revsh_text), (4 bytes).
    Removing mk60_cmt.o(i.cmt_pwm_duty), (56 bytes).
    Removing mk60_cmt.o(i.cmt_pwm_freq), (108 bytes).
    Removing mk60_cmt.o(i.cmt_pwm_init), (164 bytes).
    Removing mk60_cmt.o(.data), (2 bytes).
    Removing mk60_dac.o(.rev16_text), (4 bytes).
    Removing mk60_dac.o(.revsh_text), (4 bytes).
    Removing mk60_dac.o(i.dac_init), (84 bytes).
    Removing mk60_dac.o(i.dac_out), (28 bytes).
    Removing mk60_dac.o(.constdata), (8 bytes).
    Removing mk60_dma.o(.rev16_text), (4 bytes).
    Removing mk60_dma.o(.revsh_text), (4 bytes).
    Removing mk60_dma.o(i.dma_portx2buff_init), (420 bytes).
    Removing mk60_flash.o(.rev16_text), (4 bytes).
    Removing mk60_flash.o(.revsh_text), (4 bytes).
    Removing mk60_flash.o(i.FLASH_EraseSector), (52 bytes).
    Removing mk60_flash.o(i.FLASH_GetSectorSize), (6 bytes).
    Removing mk60_flash.o(i.FLASH_Init), (12 bytes).
    Removing mk60_flash.o(i.FLASH_WriteSector), (132 bytes).
    Removing mk60_flash.o(i.FlashCmdStart), (52 bytes).
    Removing mk60_flash.o(.data), (20 bytes).
    Removing mk60_ftm.o(.rev16_text), (4 bytes).
    Removing mk60_ftm.o(.revsh_text), (4 bytes).
    Removing mk60_ftm.o(i.ftm_input_clean), (16 bytes).
    Removing mk60_ftm.o(i.ftm_input_get), (24 bytes).
    Removing mk60_ftm.o(i.ftm_input_init), (260 bytes).
    Removing mk60_ftm.o(i.ftm_pwm_freq), (120 bytes).
    Removing mk60_ftm.o(i.ftm_quad_clean), (16 bytes).
    Removing mk60_ftm.o(i.ftm_quad_get), (20 bytes).
    Removing mk60_ftm.o(i.ftm_quad_init), (228 bytes).
    Removing mk60_gpio.o(.rev16_text), (4 bytes).
    Removing mk60_gpio.o(.revsh_text), (4 bytes).
    Removing mk60_gpio.o(i.gpio_ddr), (80 bytes).
    Removing mk60_i2c.o(.rev16_text), (4 bytes).
    Removing mk60_i2c.o(.revsh_text), (4 bytes).
    Removing mk60_i2c.o(i.i2c_delay), (26 bytes).
    Removing mk60_i2c.o(i.i2c_init), (304 bytes).
    Removing mk60_i2c.o(i.i2c_read_reg), (324 bytes).
    Removing mk60_i2c.o(i.i2c_read_reg_bytes), (452 bytes).
    Removing mk60_i2c.o(i.i2c_write_reg), (204 bytes).
    Removing mk60_i2c.o(.constdata), (128 bytes).
    Removing mk60_i2c.o(.data), (20 bytes).
    Removing mk60_lptmr.o(.rev16_text), (4 bytes).
    Removing mk60_lptmr.o(.revsh_text), (4 bytes).
    Removing mk60_lptmr.o(i.lptmr_pulse_clean), (28 bytes).
    Removing mk60_lptmr.o(i.lptmr_pulse_get), (36 bytes).
    Removing mk60_lptmr.o(i.lptmr_pulse_init), (112 bytes).
    Removing mk60_pit.o(.rev16_text), (4 bytes).
    Removing mk60_pit.o(.revsh_text), (4 bytes).
    Removing mk60_pit.o(i.pit_close), (48 bytes).
    Removing mk60_pit.o(i.pit_delay), (128 bytes).
    Removing mk60_pit.o(i.pit_init), (92 bytes).
    Removing mk60_pit.o(i.pit_time_get), (84 bytes).
    Removing mk60_pit.o(i.pit_time_start), (92 bytes).
    Removing mk60_port.o(.rev16_text), (4 bytes).
    Removing mk60_port.o(.revsh_text), (4 bytes).
    Removing mk60_rtc.o(.rev16_text), (4 bytes).
    Removing mk60_rtc.o(.revsh_text), (4 bytes).
    Removing mk60_rtc.o(i.rtc_close_alarm), (20 bytes).
    Removing mk60_rtc.o(i.rtc_get_time), (12 bytes).
    Removing mk60_rtc.o(i.rtc_init), (96 bytes).
    Removing mk60_rtc.o(i.rtc_set_alarm), (56 bytes).
    Removing mk60_rtc.o(i.rtc_set_time), (32 bytes).
    Removing mk60_sdhc.o(.rev16_text), (4 bytes).
    Removing mk60_sdhc.o(.revsh_text), (4 bytes).
    Removing mk60_sdhc.o(i.sdhc_init), (188 bytes).
    Removing mk60_sdhc.o(i.sdhc_initcard), (592 bytes).
    Removing mk60_sdhc.o(i.sdhc_initgpio), (104 bytes).
    Removing mk60_sdhc.o(i.sdhc_ioc), (996 bytes).
    Removing mk60_sdhc.o(i.sdhc_isrunning), (24 bytes).
    Removing mk60_sdhc.o(i.sdhc_read), (276 bytes).
    Removing mk60_sdhc.o(i.sdhc_readblocks), (136 bytes).
    Removing mk60_sdhc.o(i.sdhc_sendcommand), (288 bytes).
    Removing mk60_sdhc.o(i.sdhc_setbaudrate), (232 bytes).
    Removing mk60_sdhc.o(i.sdhc_waitstatus), (24 bytes).
    Removing mk60_sdhc.o(i.sdhc_write), (272 bytes).
    Removing mk60_sdhc.o(i.sdhc_writeblocks), (356 bytes).
    Removing mk60_sdhc.o(.data), (4 bytes).
    Removing mk60_spi.o(.rev16_text), (4 bytes).
    Removing mk60_spi.o(.revsh_text), (4 bytes).
    Removing mk60_spi.o(i.spi_init), (812 bytes).
    Removing mk60_spi.o(i.spi_mosi), (264 bytes).
    Removing mk60_spi.o(i.spi_mosi_cmd), (492 bytes).
    Removing mk60_spi.o(.constdata), (64 bytes).
    Removing mk60_spi.o(.data), (12 bytes).
    Removing mk60_systick.o(.rev16_text), (4 bytes).
    Removing mk60_systick.o(.revsh_text), (4 bytes).
    Removing mk60_systick.o(i.systick_delay), (44 bytes).
    Removing mk60_systick.o(i.systick_delay_ms), (36 bytes).
    Removing mk60_systick.o(i.systick_getval), (8 bytes).
    Removing mk60_systick.o(i.systick_timing), (24 bytes).
    Removing mk60_uart.o(.rev16_text), (4 bytes).
    Removing mk60_uart.o(.revsh_text), (4 bytes).
    Removing mk60_uart.o(i.NVIC_DisableIRQ), (24 bytes).
    Removing mk60_uart.o(i.NVIC_EnableIRQ), (22 bytes).
    Removing mk60_uart.o(i.fputc), (18 bytes).
    Removing mk60_uart.o(i.uart_putbuff), (30 bytes).
    Removing mk60_uart.o(i.uart_putchar), (32 bytes).
    Removing mk60_uart.o(i.uart_putstr), (26 bytes).
    Removing mk60_uart.o(i.uart_querychar), (36 bytes).
    Removing mk60_uart.o(i.uart_rx_irq_dis), (68 bytes).
    Removing mk60_uart.o(i.uart_rx_irq_en), (56 bytes).
    Removing mk60_uart.o(i.uart_txc_irq_dis), (68 bytes).
    Removing mk60_uart.o(i.uart_txc_irq_en), (56 bytes).
    Removing mk60_wdog.o(.rev16_text), (4 bytes).
    Removing mk60_wdog.o(.revsh_text), (4 bytes).
    Removing mk60_wdog.o(i.wdog_disable), (24 bytes).
    Removing mk60_wdog.o(i.wdog_enable), (24 bytes).
    Removing mk60_wdog.o(i.wdog_feed), (36 bytes).
    Removing mk60_wdog.o(i.wdog_init_ms), (40 bytes).
    Removing mk60_wdog.o(i.wdog_unlock), (36 bytes).
    Removing isr.o(.rev16_text), (4 bytes).
    Removing isr.o(.revsh_text), (4 bytes).
    Removing main.o(.rev16_text), (4 bytes).
    Removing main.o(.revsh_text), (4 bytes).
    Removing main.o(.data), (2 bytes).
    Removing seekfree_18tft.o(.rev16_text), (4 bytes).
    Removing seekfree_18tft.o(.revsh_text), (4 bytes).
    Removing seekfree_18tft.o(i.LCD_WriteData_16Bit), (54 bytes).
    Removing seekfree_18tft.o(i.Lcd_SetRegion), (90 bytes).
    Removing seekfree_18tft.o(i.Lcd_WriteData), (30 bytes).
    Removing seekfree_18tft.o(i.Lcd_WriteIndex), (30 bytes).
    Removing seekfree_18tft.o(i.displayimage032), (118 bytes).
    Removing seekfree_18tft.o(i.displayimage7725), (94 bytes).
    Removing seekfree_18tft.o(i.dsp_single_colour), (48 bytes).
    Removing seekfree_18tft.o(i.lcd_init), (620 bytes).
    Removing seekfree_18tft.o(i.tft_delay), (12 bytes).
    Removing seekfree_7725.o(.rev16_text), (4 bytes).
    Removing seekfree_7725.o(.revsh_text), (4 bytes).
    Removing seekfree_7725.o(i.Image_Decompression), (64 bytes).
    Removing seekfree_7725.o(i.NVIC_EnableIRQ), (22 bytes).
    Removing seekfree_7725.o(i.ov7725_dma), (28 bytes).
    Removing seekfree_7725.o(i.ov7725_init), (18 bytes).
    Removing seekfree_7725.o(i.ov7725_port_init), (128 bytes).
    Removing seekfree_7725.o(i.ov7725_reg_init), (576 bytes).
    Removing seekfree_7725.o(i.ov7725_vsync), (72 bytes).
    Removing seekfree_7725.o(i.seekfree_sendimg_7725), (50 bytes).
    Removing seekfree_7725.o(.bss), (5400 bytes).
    Removing seekfree_7725.o(.data), (2 bytes).
    Removing seekfree_fun.o(.rev16_text), (4 bytes).
    Removing seekfree_fun.o(.revsh_text), (4 bytes).
    Removing seekfree_fun.o(i.limit), (70 bytes).
    Removing seekfree_fun.o(i.limit_ab), (14 bytes).
    Removing seekfree_fun.o(i.my_delay), (12 bytes).
    Removing seekfree_fun.o(i.myabs), (14 bytes).
    Removing seekfree_iic.o(.rev16_text), (4 bytes).
    Removing seekfree_iic.o(.revsh_text), (4 bytes).
    Removing seekfree_iic.o(i.I2C_SendACK), (62 bytes).
    Removing seekfree_iic.o(i.IIC_init), (40 bytes).
    Removing seekfree_iic.o(i.IIC_start), (44 bytes).
    Removing seekfree_iic.o(i.IIC_stop), (48 bytes).
    Removing seekfree_iic.o(i.SCCB_WaitAck), (86 bytes).
    Removing seekfree_iic.o(i.read_ch), (118 bytes).
    Removing seekfree_iic.o(i.send_ch), (76 bytes).
    Removing seekfree_iic.o(i.simiic_delay), (18 bytes).
    Removing seekfree_iic.o(i.simiic_read_reg), (72 bytes).
    Removing seekfree_iic.o(i.simiic_write_reg), (42 bytes).
    Removing seekfree_iic.o(.data), (9 bytes).
    Removing seekfree_l3g4200d.o(.rev16_text), (4 bytes).
    Removing seekfree_l3g4200d.o(.revsh_text), (4 bytes).
    Removing seekfree_l3g4200d.o(i.InitL3G4200D), (72 bytes).
    Removing seekfree_l3g4200d.o(i.get_l3g4200d), (172 bytes).
    Removing seekfree_l3g4200d.o(.data), (7 bytes).
    Removing seekfree_mma8451.o(.rev16_text), (4 bytes).
    Removing seekfree_mma8451.o(.revsh_text), (4 bytes).
    Removing seekfree_mma8451.o(i.MMA845x_init), (64 bytes).
    Removing seekfree_mma8451.o(i.get_mma8451), (188 bytes).
    Removing seekfree_mma8451.o(.data), (6 bytes).
    Removing seekfree_mpu6050.o(.rev16_text), (4 bytes).
    Removing seekfree_mpu6050.o(.revsh_text), (4 bytes).
    Removing seekfree_mpu6050.o(i.GetData), (38 bytes).
    Removing seekfree_mpu6050.o(i.Get_AccData), (52 bytes).
    Removing seekfree_mpu6050.o(i.Get_Gyro), (52 bytes).
    Removing seekfree_mpu6050.o(i.InitMPU6050), (74 bytes).
    Removing seekfree_mpu6050.o(.data), (12 bytes).
    Removing seekfree_mt9v032.o(.rev16_text), (4 bytes).
    Removing seekfree_mt9v032.o(.revsh_text), (4 bytes).
    Removing seekfree_mt9v032.o(i.NVIC_EnableIRQ), (22 bytes).
    Removing seekfree_mt9v032.o(i.camera_init), (328 bytes).
    Removing seekfree_mt9v032.o(i.get_config), (108 bytes).
    Removing seekfree_mt9v032.o(i.get_version), (76 bytes).
    Removing seekfree_mt9v032.o(i.seekfree_sendimg_032), (52 bytes).
    Removing seekfree_mt9v032.o(i.set_exposure_time), (80 bytes).
    Removing seekfree_mt9v032.o(i.set_mt9v032_reg), (124 bytes).
    Removing seekfree_nrf24l01.o(.rev16_text), (4 bytes).
    Removing seekfree_nrf24l01.o(.revsh_text), (4 bytes).
    Removing seekfree_nrf24l01.o(i.NRF_Dev_Init), (236 bytes).
    Removing seekfree_nrf24l01.o(i.NRF_Rece_Packet), (54 bytes).
    Removing seekfree_nrf24l01.o(i.NRF_SPI_R_Reg_Burst), (60 bytes).
    Removing seekfree_nrf24l01.o(i.NRF_SPI_R_Reg_Byte), (38 bytes).
    Removing seekfree_nrf24l01.o(i.NRF_SPI_WR_Byte), (58 bytes).
    Removing seekfree_nrf24l01.o(i.NRF_SPI_W_Cmd_Byte), (32 bytes).
    Removing seekfree_nrf24l01.o(i.NRF_SPI_W_Reg_Burst), (58 bytes).
    Removing seekfree_nrf24l01.o(i.NRF_SPI_W_Reg_Byte), (40 bytes).
    Removing seekfree_nrf24l01.o(i.NRF_Send_Packet), (136 bytes).
    Removing seekfree_nrf24l01.o(.bss), (64 bytes).
    Removing seekfree_nrf24l01.o(.data), (5 bytes).
    Removing seekfree_oled.o(.rev16_text), (4 bytes).
    Removing seekfree_oled.o(.revsh_text), (4 bytes).
    Removing seekfree_oled.o(i.OLED_ClrPixel), (72 bytes).
    Removing seekfree_oled.o(i.OLED_P8x16Str), (136 bytes).
    Removing seekfree_oled.o(i.OLED_Print_Num), (52 bytes).
    Removing seekfree_oled.o(i.OLED_PutPixel), (72 bytes).
    Removing seekfree_oled.o(i.OLED_Wr6Dat), (80 bytes).
    Removing seekfree_oled.o(i.dis_bmp), (472 bytes).
    Removing seekfree_tsl1401.o(.rev16_text), (4 bytes).
    Removing seekfree_tsl1401.o(.revsh_text), (4 bytes).
    Removing seekfree_tsl1401.o(i.ccd_collect), (100 bytes).
    Removing seekfree_tsl1401.o(i.ccd_init), (88 bytes).
    Removing seekfree_tsl1401.o(.bss), (256 bytes).
    Removing diskio.o(.rev16_text), (4 bytes).
    Removing diskio.o(.revsh_text), (4 bytes).
    Removing diskio.o(i.disk_initialize), (18 bytes).
    Removing diskio.o(i.disk_ioctl), (80 bytes).
    Removing diskio.o(i.disk_read), (34 bytes).
    Removing diskio.o(i.disk_status), (16 bytes).
    Removing diskio.o(i.disk_write), (34 bytes).
    Removing ff.o(i.check_fs), (144 bytes).
    Removing ff.o(i.chk_chr), (24 bytes).
    Removing ff.o(i.chk_lock), (140 bytes).
    Removing ff.o(i.chk_mounted), (940 bytes).
    Removing ff.o(i.clear_lock), (48 bytes).
    Removing ff.o(i.clmt_clust), (50 bytes).
    Removing ff.o(i.clust2sect), (26 bytes).
    Removing ff.o(i.create_chain), (202 bytes).
    Removing ff.o(i.create_name), (368 bytes).
    Removing ff.o(i.dec_lock), (76 bytes).
    Removing ff.o(i.dir_alloc), (86 bytes).
    Removing ff.o(i.dir_find), (92 bytes).
    Removing ff.o(i.dir_next), (276 bytes).
    Removing ff.o(i.dir_read), (108 bytes).
    Removing ff.o(i.dir_register), (58 bytes).
    Removing ff.o(i.dir_remove), (44 bytes).
    Removing ff.o(i.dir_sdi), (156 bytes).
    Removing ff.o(i.enq_lock), (40 bytes).
    Removing ff.o(i.f_chdir), (84 bytes).
    Removing ff.o(i.f_chdrive), (24 bytes).
    Removing ff.o(i.f_chmod), (96 bytes).
    Removing ff.o(i.f_close), (32 bytes).
    Removing ff.o(i.f_getcwd), (300 bytes).
    Removing ff.o(i.f_getfree), (260 bytes).
    Removing ff.o(i.f_gets), (88 bytes).
    Removing ff.o(i.f_lseek), (732 bytes).
    Removing ff.o(i.f_mkdir), (362 bytes).
    Removing ff.o(i.f_mkfs), (1588 bytes).
    Removing ff.o(i.f_mount), (52 bytes).
    Removing ff.o(i.f_open), (406 bytes).
    Removing ff.o(i.f_opendir), (112 bytes).
    Removing ff.o(i.f_printf), (690 bytes).
    Removing ff.o(i.f_putc), (52 bytes).
    Removing ff.o(i.f_puts), (44 bytes).
    Removing ff.o(i.f_read), (474 bytes).
    Removing ff.o(i.f_readdir), (88 bytes).
    Removing ff.o(i.f_rename), (300 bytes).
    Removing ff.o(i.f_stat), (58 bytes).
    Removing ff.o(i.f_sync), (174 bytes).
    Removing ff.o(i.f_truncate), (154 bytes).
    Removing ff.o(i.f_unlink), (202 bytes).
    Removing ff.o(i.f_utime), (98 bytes).
    Removing ff.o(i.f_write), (542 bytes).
    Removing ff.o(i.follow_path), (176 bytes).
    Removing ff.o(i.get_fat), (228 bytes).
    Removing ff.o(i.get_fileinfo), (158 bytes).
    Removing ff.o(i.inc_lock), (220 bytes).
    Removing ff.o(i.ld_clust), (32 bytes).
    Removing ff.o(i.mem_cmp), (38 bytes).
    Removing ff.o(i.mem_cpy), (26 bytes).
    Removing ff.o(i.mem_set), (20 bytes).
    Removing ff.o(i.move_window), (50 bytes).
    Removing ff.o(i.put_fat), (310 bytes).
    Removing ff.o(i.remove_chain), (104 bytes).
    Removing ff.o(i.st_clust), (16 bytes).
    Removing ff.o(i.sync_fs), (200 bytes).
    Removing ff.o(i.sync_window), (82 bytes).
    Removing ff.o(i.validate), (54 bytes).
    Removing ff.o(.bss), (96 bytes).
    Removing ff.o(.constdata), (172 bytes).
    Removing ff.o(.data), (7 bytes).
    Removing em.o(.rev16_text), (4 bytes).
    Removing em.o(.revsh_text), (4 bytes).
    Removing motor.o(.rev16_text), (4 bytes).
    Removing motor.o(.revsh_text), (4 bytes).
    Removing key.o(.rev16_text), (4 bytes).
    Removing key.o(.revsh_text), (4 bytes).

296 unused section(s) (total 34250 bytes) removed from the image.

==============================================================================

Image Symbol Table

    Local Symbols

    Symbol Name                              Value     Ov Type        Size  Object(Section)

    RESET                                    0x00000000   Section     1024  startup_mk66f18.o(RESET)
    ../clib/microlib/division.c              0x00000000   Number         0  uldiv.o ABSOLUTE
    ../clib/microlib/division.c              0x00000000   Number         0  uidiv.o ABSOLUTE
    ../clib/microlib/init/entry.s            0x00000000   Number         0  entry9a.o ABSOLUTE
    ../clib/microlib/init/entry.s            0x00000000   Number         0  entry.o ABSOLUTE
    ../clib/microlib/init/entry.s            0x00000000   Number         0  entry8b.o ABSOLUTE
    ../clib/microlib/init/entry.s            0x00000000   Number         0  entry11a.o ABSOLUTE
    ../clib/microlib/init/entry.s            0x00000000   Number         0  entry9b.o ABSOLUTE
    ../clib/microlib/init/entry.s            0x00000000   Number         0  entry10a.o ABSOLUTE
    ../clib/microlib/init/entry.s            0x00000000   Number         0  entry10b.o ABSOLUTE
    ../clib/microlib/init/entry.s            0x00000000   Number         0  entry11b.o ABSOLUTE
    ../clib/microlib/init/entry.s            0x00000000   Number         0  entry8a.o ABSOLUTE
    ../clib/microlib/init/entry.s            0x00000000   Number         0  entry7b.o ABSOLUTE
    ../clib/microlib/init/entry.s            0x00000000   Number         0  entry7a.o ABSOLUTE
    ../clib/microlib/init/entry.s            0x00000000   Number         0  entry5.o ABSOLUTE
    ../clib/microlib/init/entry.s            0x00000000   Number         0  entry2.o ABSOLUTE
    ../clib/microlib/longlong.c              0x00000000   Number         0  llsshr.o ABSOLUTE
    ../clib/microlib/longlong.c              0x00000000   Number         0  llshl.o ABSOLUTE
    ../clib/microlib/longlong.c              0x00000000   Number         0  llushr.o ABSOLUTE
    ../clib/microlib/malloc/malloc.c         0x00000000   Number         0  malloca.o ABSOLUTE
    ../clib/microlib/malloc/malloc.c         0x00000000   Number         0  mallocra.o ABSOLUTE
    ../clib/microlib/malloc/malloc.c         0x00000000   Number         0  mallocr.o ABSOLUTE
    ../clib/microlib/malloc/malloc.c         0x00000000   Number         0  malloc.o ABSOLUTE
    ../clib/microlib/malloc/mvars.c          0x00000000   Number         0  mvars.o ABSOLUTE
    ../clib/microlib/printf/printf.c         0x00000000   Number         0  printfa.o ABSOLUTE
    ../clib/microlib/printf/printf.c         0x00000000   Number         0  printf3.o ABSOLUTE
    ../clib/microlib/printf/printf.c         0x00000000   Number         0  printf2.o ABSOLUTE
    ../clib/microlib/printf/printf.c         0x00000000   Number         0  printf1.o ABSOLUTE
    ../clib/microlib/printf/printf.c         0x00000000   Number         0  printf0.o ABSOLUTE
    ../clib/microlib/printf/printf.c         0x00000000   Number         0  printfb.o ABSOLUTE
    ../clib/microlib/printf/printf.c         0x00000000   Number         0  printf8.o ABSOLUTE
    ../clib/microlib/printf/printf.c         0x00000000   Number         0  printf7.o ABSOLUTE
    ../clib/microlib/printf/printf.c         0x00000000   Number         0  printf6.o ABSOLUTE
    ../clib/microlib/printf/printf.c         0x00000000   Number         0  printf5.o ABSOLUTE
    ../clib/microlib/printf/printf.c         0x00000000   Number         0  printf4.o ABSOLUTE
    ../clib/microlib/printf/stubs.s          0x00000000   Number         0  stubs.o ABSOLUTE
    ../clib/microlib/stdio/streams.c         0x00000000   Number         0  stdout.o ABSOLUTE
    ../clib/microlib/string/memcpy.c         0x00000000   Number         0  memcpyb.o ABSOLUTE
    ../clib/microlib/string/memcpy.c         0x00000000   Number         0  memcpya.o ABSOLUTE
    ../clib/microlib/stubs.s                 0x00000000   Number         0  iusefp.o ABSOLUTE
    ../fplib/microlib/f2d.c                  0x00000000   Number         0  f2d.o ABSOLUTE
    ../fplib/microlib/fpadd.c                0x00000000   Number         0  dadd.o ABSOLUTE
    ../fplib/microlib/fpdiv.c                0x00000000   Number         0  ddiv.o ABSOLUTE
    ../fplib/microlib/fpepilogue.c           0x00000000   Number         0  depilogue.o ABSOLUTE
    ../fplib/microlib/fpfix.c                0x00000000   Number         0  dfixui.o ABSOLUTE
    ../fplib/microlib/fpfix.c                0x00000000   Number         0  dfixul.o ABSOLUTE
    ../fplib/microlib/fpmul.c                0x00000000   Number         0  dmul.o ABSOLUTE
    ..\..\Libraries\FatFs\diskio.c           0x00000000   Number         0  diskio.o ABSOLUTE
    ..\..\Libraries\FatFs\ff.c               0x00000000   Number         0  ff.o ABSOLUTE
    ..\..\Libraries\drives\src\MK60_adc.c    0x00000000   Number         0  mk60_adc.o ABSOLUTE
    ..\..\Libraries\drives\src\MK60_cmt.c    0x00000000   Number         0  mk60_cmt.o ABSOLUTE
    ..\..\Libraries\drives\src\MK60_dac.c    0x00000000   Number         0  mk60_dac.o ABSOLUTE
    ..\..\Libraries\drives\src\MK60_dma.c    0x00000000   Number         0  mk60_dma.o ABSOLUTE
    ..\..\Libraries\drives\src\MK60_flash.c  0x00000000   Number         0  mk60_flash.o ABSOLUTE
    ..\..\Libraries\drives\src\MK60_ftm.c    0x00000000   Number         0  mk60_ftm.o ABSOLUTE
    ..\..\Libraries\drives\src\MK60_gpio.c   0x00000000   Number         0  mk60_gpio.o ABSOLUTE
    ..\..\Libraries\drives\src\MK60_i2c.c    0x00000000   Number         0  mk60_i2c.o ABSOLUTE
    ..\..\Libraries\drives\src\MK60_lptmr.c  0x00000000   Number         0  mk60_lptmr.o ABSOLUTE
    ..\..\Libraries\drives\src\MK60_pit.c    0x00000000   Number         0  mk60_pit.o ABSOLUTE
    ..\..\Libraries\drives\src\MK60_port.c   0x00000000   Number         0  mk60_port.o ABSOLUTE
    ..\..\Libraries\drives\src\MK60_rtc.c    0x00000000   Number         0  mk60_rtc.o ABSOLUTE
    ..\..\Libraries\drives\src\MK60_sdhc.c   0x00000000   Number         0  mk60_sdhc.o ABSOLUTE
    ..\..\Libraries\drives\src\MK60_spi.c    0x00000000   Number         0  mk60_spi.o ABSOLUTE
    ..\..\Libraries\drives\src\MK60_systick.c 0x00000000   Number         0  mk60_systick.o ABSOLUTE
    ..\..\Libraries\drives\src\MK60_uart.c   0x00000000   Number         0  mk60_uart.o ABSOLUTE
    ..\..\Libraries\drives\src\MK60_wdog.c   0x00000000   Number         0  mk60_wdog.o ABSOLUTE
    ..\..\Libraries\drives\src\common.c      0x00000000   Number         0  common.o ABSOLUTE
    ..\..\Libraries\drives\src\misc.c        0x00000000   Number         0  misc.o ABSOLUTE
    ..\..\Libraries\hareware\em\EM.c         0x00000000   Number         0  em.o ABSOLUTE
    ..\..\Libraries\hareware\key\KEY.c       0x00000000   Number         0  key.o ABSOLUTE
    ..\..\Libraries\hareware\motor\MOTOR.c   0x00000000   Number         0  motor.o ABSOLUTE
    ..\..\Libraries\seekfree\SEEKFREE_18TFT.c 0x00000000   Number         0  seekfree_18tft.o ABSOLUTE
    ..\..\Libraries\seekfree\SEEKFREE_7725.c 0x00000000   Number         0  seekfree_7725.o ABSOLUTE
    ..\..\Libraries\seekfree\SEEKFREE_FUN.c  0x00000000   Number         0  seekfree_fun.o ABSOLUTE
    ..\..\Libraries\seekfree\SEEKFREE_IIC.c  0x00000000   Number         0  seekfree_iic.o ABSOLUTE
    ..\..\Libraries\seekfree\SEEKFREE_L3G4200D.c 0x00000000   Number         0  seekfree_l3g4200d.o ABSOLUTE
    ..\..\Libraries\seekfree\SEEKFREE_MMA8451.c 0x00000000   Number         0  seekfree_mma8451.o ABSOLUTE
    ..\..\Libraries\seekfree\SEEKFREE_MPU6050.c 0x00000000   Number         0  seekfree_mpu6050.o ABSOLUTE
    ..\..\Libraries\seekfree\SEEKFREE_MT9V032.c 0x00000000   Number         0  seekfree_mt9v032.o ABSOLUTE
    ..\..\Libraries\seekfree\SEEKFREE_NRF24L01.c 0x00000000   Number         0  seekfree_nrf24l01.o ABSOLUTE
    ..\..\Libraries\seekfree\SEEKFREE_OLED.c 0x00000000   Number         0  seekfree_oled.o ABSOLUTE
    ..\..\Libraries\seekfree\SEEKFREE_TSL1401.c 0x00000000   Number         0  seekfree_tsl1401.o ABSOLUTE
    ..\..\Libraries\startup\DeviceSupport\MDK-ARM\startup_MK66F18.s 0x00000000   Number         0  startup_mk66f18.o ABSOLUTE
    ..\..\Libraries\startup\DeviceSupport\system_MK66.c 0x00000000   Number         0  system_mk66.o ABSOLUTE
    ..\USER\src\isr.c                        0x00000000   Number         0  isr.o ABSOLUTE
    ..\USER\src\main.c                       0x00000000   Number         0  main.o ABSOLUTE
    ..\\..\\Libraries\\FatFs\\diskio.c       0x00000000   Number         0  diskio.o ABSOLUTE
    ..\\..\\Libraries\\drives\\src\\MK60_adc.c 0x00000000   Number         0  mk60_adc.o ABSOLUTE
    ..\\..\\Libraries\\drives\\src\\MK60_cmt.c 0x00000000   Number         0  mk60_cmt.o ABSOLUTE
    ..\\..\\Libraries\\drives\\src\\MK60_dac.c 0x00000000   Number         0  mk60_dac.o ABSOLUTE
    ..\\..\\Libraries\\drives\\src\\MK60_dma.c 0x00000000   Number         0  mk60_dma.o ABSOLUTE
    ..\\..\\Libraries\\drives\\src\\MK60_flash.c 0x00000000   Number         0  mk60_flash.o ABSOLUTE
    ..\\..\\Libraries\\drives\\src\\MK60_ftm.c 0x00000000   Number         0  mk60_ftm.o ABSOLUTE
    ..\\..\\Libraries\\drives\\src\\MK60_gpio.c 0x00000000   Number         0  mk60_gpio.o ABSOLUTE
    ..\\..\\Libraries\\drives\\src\\MK60_i2c.c 0x00000000   Number         0  mk60_i2c.o ABSOLUTE
    ..\\..\\Libraries\\drives\\src\\MK60_lptmr.c 0x00000000   Number         0  mk60_lptmr.o ABSOLUTE
    ..\\..\\Libraries\\drives\\src\\MK60_pit.c 0x00000000   Number         0  mk60_pit.o ABSOLUTE
    ..\\..\\Libraries\\drives\\src\\MK60_port.c 0x00000000   Number         0  mk60_port.o ABSOLUTE
    ..\\..\\Libraries\\drives\\src\\MK60_rtc.c 0x00000000   Number         0  mk60_rtc.o ABSOLUTE
    ..\\..\\Libraries\\drives\\src\\MK60_sdhc.c 0x00000000   Number         0  mk60_sdhc.o ABSOLUTE
    ..\\..\\Libraries\\drives\\src\\MK60_spi.c 0x00000000   Number         0  mk60_spi.o ABSOLUTE
    ..\\..\\Libraries\\drives\\src\\MK60_systick.c 0x00000000   Number         0  mk60_systick.o ABSOLUTE
    ..\\..\\Libraries\\drives\\src\\MK60_uart.c 0x00000000   Number         0  mk60_uart.o ABSOLUTE
    ..\\..\\Libraries\\drives\\src\\MK60_wdog.c 0x00000000   Number         0  mk60_wdog.o ABSOLUTE
    ..\\..\\Libraries\\drives\\src\\common.c 0x00000000   Number         0  common.o ABSOLUTE
    ..\\..\\Libraries\\drives\\src\\misc.c   0x00000000   Number         0  misc.o ABSOLUTE
    ..\\..\\Libraries\\hareware\\em\\EM.c    0x00000000   Number         0  em.o ABSOLUTE
    ..\\..\\Libraries\\hareware\\key\\KEY.c  0x00000000   Number         0  key.o ABSOLUTE
    ..\\..\\Libraries\\hareware\\motor\\MOTOR.c 0x00000000   Number         0  motor.o ABSOLUTE
    ..\\..\\Libraries\\seekfree\\SEEKFREE_18TFT.c 0x00000000   Number         0  seekfree_18tft.o ABSOLUTE
    ..\\..\\Libraries\\seekfree\\SEEKFREE_7725.c 0x00000000   Number         0  seekfree_7725.o ABSOLUTE
    ..\\..\\Libraries\\seekfree\\SEEKFREE_FUN.c 0x00000000   Number         0  seekfree_fun.o ABSOLUTE
    ..\\..\\Libraries\\seekfree\\SEEKFREE_IIC.c 0x00000000   Number         0  seekfree_iic.o ABSOLUTE
    ..\\..\\Libraries\\seekfree\\SEEKFREE_L3G4200D.c 0x00000000   Number         0  seekfree_l3g4200d.o ABSOLUTE
    ..\\..\\Libraries\\seekfree\\SEEKFREE_MMA8451.c 0x00000000   Number         0  seekfree_mma8451.o ABSOLUTE
    ..\\..\\Libraries\\seekfree\\SEEKFREE_MPU6050.c 0x00000000   Number         0  seekfree_mpu6050.o ABSOLUTE
    ..\\..\\Libraries\\seekfree\\SEEKFREE_MT9V032.c 0x00000000   Number         0  seekfree_mt9v032.o ABSOLUTE
    ..\\..\\Libraries\\seekfree\\SEEKFREE_NRF24L01.c 0x00000000   Number         0  seekfree_nrf24l01.o ABSOLUTE
    ..\\..\\Libraries\\seekfree\\SEEKFREE_OLED.c 0x00000000   Number         0  seekfree_oled.o ABSOLUTE
    ..\\..\\Libraries\\seekfree\\SEEKFREE_TSL1401.c 0x00000000   Number         0  seekfree_tsl1401.o ABSOLUTE
    ..\\..\\Libraries\\startup\\DeviceSupport\\system_MK66.c 0x00000000   Number         0  system_mk66.o ABSOLUTE
    ..\\USER\\src\\isr.c                     0x00000000   Number         0  isr.o ABSOLUTE
    ..\\USER\\src\\main.c                    0x00000000   Number         0  main.o ABSOLUTE
    cdrcmple.s                               0x00000000   Number         0  cdrcmple.o ABSOLUTE
    dc.s                                     0x00000000   Number         0  dc.o ABSOLUTE
    handlers.s                               0x00000000   Number         0  handlers.o ABSOLUTE
    init.s                                   0x00000000   Number         0  init.o ABSOLUTE
    .ARM.__at_0x400                          0x00000400   Section       16  startup_mk66f18.o(.ARM.__at_0x400)
    .ARM.Collect$$$$00000000                 0x00000410   Section        0  entry.o(.ARM.Collect$$$$00000000)
    .ARM.Collect$$$$00000001                 0x00000410   Section        4  entry2.o(.ARM.Collect$$$$00000001)
    .ARM.Collect$$$$00000004                 0x00000414   Section        4  entry5.o(.ARM.Collect$$$$00000004)
    .ARM.Collect$$$$00000008                 0x00000418   Section        0  entry7b.o(.ARM.Collect$$$$00000008)
    .ARM.Collect$$$$0000000A                 0x00000418   Section        0  entry8b.o(.ARM.Collect$$$$0000000A)
    .ARM.Collect$$$$0000000B                 0x00000418   Section        8  entry9a.o(.ARM.Collect$$$$0000000B)
    .ARM.Collect$$$$0000000D                 0x00000420   Section        0  entry10a.o(.ARM.Collect$$$$0000000D)
    .ARM.Collect$$$$0000000F                 0x00000420   Section        0  entry11a.o(.ARM.Collect$$$$0000000F)
    .ARM.Collect$$$$00002712                 0x00000420   Section        4  entry2.o(.ARM.Collect$$$$00002712)
    __lit__00000000                          0x00000420   Data           4  entry2.o(.ARM.Collect$$$$00002712)
    .text                                    0x00000424   Section       40  startup_mk66f18.o(.text)
    $v0                                      0x00000424   Number         0  startup_mk66f18.o(.text)
    .text                                    0x0000044c   Section        0  dadd.o(.text)
    .text                                    0x0000059a   Section        0  dmul.o(.text)
    .text                                    0x0000067e   Section        0  dfixui.o(.text)
    .text                                    0x000006b0   Section        0  f2d.o(.text)
    .text                                    0x000006d6   Section        0  uidiv.o(.text)
    .text                                    0x00000702   Section        0  uldiv.o(.text)
    .text                                    0x00000764   Section        0  llshl.o(.text)
    .text                                    0x00000782   Section        0  llushr.o(.text)
    .text                                    0x000007a2   Section        0  llsshr.o(.text)
    .text                                    0x000007c6   Section        0  depilogue.o(.text)
    .text                                    0x000007c6   Section        0  iusefp.o(.text)
    .text                                    0x00000880   Section        0  ddiv.o(.text)
    .text                                    0x0000095e   Section        0  dfixul.o(.text)
    .text                                    0x00000990   Section       48  cdrcmple.o(.text)
    .text                                    0x000009c0   Section       36  init.o(.text)
    i.DMA0_IRQHandler                        0x000009e4   Section        0  isr.o(i.DMA0_IRQHandler)
    i.Disable_Wdog                           0x000009fc   Section        0  system_mk66.o(i.Disable_Wdog)
    i.EM_dectect                             0x00000a18   Section        0  em.o(i.EM_dectect)
    i.EM_get                                 0x00000cac   Section        0  em.o(i.EM_get)
    i.EM_init                                0x00000ce0   Section        0  em.o(i.EM_init)
    i.EM_store                               0x00000cfc   Section        0  em.o(i.EM_store)
    i.FTM_port_mux                           0x00000f14   Section        0  mk60_ftm.o(i.FTM_port_mux)
    i.Key_init                               0x000010a8   Section        0  key.o(i.Key_init)
    i.Key_select                             0x00001120   Section        0  key.o(i.Key_select)
    i.Motor12_speed                          0x000011b8   Section        0  motor.o(i.Motor12_speed)
    i.Motor34_speed                          0x000011d4   Section        0  motor.o(i.Motor34_speed)
    i.Motor_init                             0x000011f0   Section        0  motor.o(i.Motor_init)
    i.NMI_Handler                            0x0000122c   Section        0  system_mk66.o(i.NMI_Handler)
    i.OLED_DLY_ms                            0x0000122e   Section        0  seekfree_oled.o(i.OLED_DLY_ms)
    i.OLED_Fill                              0x0000124a   Section        0  seekfree_oled.o(i.OLED_Fill)
    i.OLED_HEXACSII                          0x00001284   Section        0  seekfree_oled.o(i.OLED_HEXACSII)
    i.OLED_Init                              0x000012b4   Section        0  seekfree_oled.o(i.OLED_Init)
    i.OLED_P6x8Str                           0x000013d4   Section        0  seekfree_oled.o(i.OLED_P6x8Str)
    i.OLED_Print_Num1                        0x00001438   Section        0  seekfree_oled.o(i.OLED_Print_Num1)
    i.OLED_Print_float                       0x00001494   Section        0  seekfree_oled.o(i.OLED_Print_float)
    i.OLED_Set_Pos                           0x000014d8   Section        0  seekfree_oled.o(i.OLED_Set_Pos)
    i.OLED_WrCmd                             0x00001500   Section        0  seekfree_oled.o(i.OLED_WrCmd)
    i.OLED_WrDat                             0x00001550   Section        0  seekfree_oled.o(i.OLED_WrDat)
    i.PID_Direction_Pos_Neg                  0x000015a0   Section        0  em.o(i.PID_Direction_Pos_Neg)
    i.PIT0_IRQHandler                        0x000015e8   Section        0  isr.o(i.PIT0_IRQHandler)
    i.PORTA_IRQHandler                       0x00001604   Section        0  isr.o(i.PORTA_IRQHandler)
    i.PORTC_IRQHandler                       0x0000161c   Section        0  isr.o(i.PORTC_IRQHandler)
    i.PORTD_IRQHandler                       0x00001630   Section        0  isr.o(i.PORTD_IRQHandler)
    i.Round_Detect                           0x00001684   Section        0  em.o(i.Round_Detect)
    i.SYSTEM_CLK                             0x000016f8   Section        0  system_mk66.o(i.SYSTEM_CLK)
    i.Start                                  0x000017b0   Section        0  system_mk66.o(i.Start)
    i.UART3_RX_TX_IRQHandler                 0x000017d8   Section        0  isr.o(i.UART3_RX_TX_IRQHandler)
    i.UART4_RX_TX_IRQHandler                 0x000017f4   Section        0  isr.o(i.UART4_RX_TX_IRQHandler)
    i.VSYNC                                  0x00001804   Section        0  seekfree_mt9v032.o(i.VSYNC)
    i.__0sprintf                             0x0000185c   Section        0  printfa.o(i.__0sprintf)
    i.__scatterload_copy                     0x00001884   Section       14  handlers.o(i.__scatterload_copy)
    i.__scatterload_null                     0x00001892   Section        2  handlers.o(i.__scatterload_null)
    i.__scatterload_zeroinit                 0x00001894   Section       14  handlers.o(i.__scatterload_zeroinit)
    i._fp_digits                             0x000018a4   Section        0  printfa.o(i._fp_digits)
    _fp_digits                               0x000018a5   Thumb Code   366  printfa.o(i._fp_digits)
    i._printf_core                           0x00001a28   Section        0  printfa.o(i._printf_core)
    _printf_core                             0x00001a29   Thumb Code  1744  printfa.o(i._printf_core)
    i._printf_post_padding                   0x00002104   Section        0  printfa.o(i._printf_post_padding)
    _printf_post_padding                     0x00002105   Thumb Code    36  printfa.o(i._printf_post_padding)
    i._printf_pre_padding                    0x00002128   Section        0  printfa.o(i._printf_pre_padding)
    _printf_pre_padding                      0x00002129   Thumb Code    46  printfa.o(i._printf_pre_padding)
    i._sputc                                 0x00002156   Section        0  printfa.o(i._sputc)
    _sputc                                   0x00002157   Thumb Code    10  printfa.o(i._sputc)
    i.adc_init                               0x00002160   Section        0  mk60_adc.o(i.adc_init)
    i.adc_once                               0x00002310   Section        0  mk60_adc.o(i.adc_once)
    i.adc_start                              0x0000235c   Section        0  mk60_adc.o(i.adc_start)
    i.div_set                                0x00002394   Section        0  system_mk66.o(i.div_set)
    i.ftm_pwm_duty                           0x000023e0   Section        0  mk60_ftm.o(i.ftm_pwm_duty)
    i.ftm_pwm_init                           0x00002460   Section        0  mk60_ftm.o(i.ftm_pwm_init)
    i.get_clk                                0x00002594   Section        0  common.o(i.get_clk)
    i.gpio_get                               0x00002608   Section        0  mk60_gpio.o(i.gpio_get)
    i.gpio_init                              0x00002634   Section        0  mk60_gpio.o(i.gpio_init)
    i.gpio_set                               0x00002708   Section        0  mk60_gpio.o(i.gpio_set)
    i.gpio_turn                              0x00002750   Section        0  mk60_gpio.o(i.gpio_turn)
    i.main                                   0x00002778   Section        0  main.o(i.main)
    i.mt9v032_cof_uart_interrupt             0x000027c4   Section        0  seekfree_mt9v032.o(i.mt9v032_cof_uart_interrupt)
    i.port_init                              0x00002814   Section        0  mk60_port.o(i.port_init)
    i.port_init_NoAlt                        0x00002888   Section        0  mk60_port.o(i.port_init_NoAlt)
    i.row_finished                           0x000028dc   Section        0  seekfree_mt9v032.o(i.row_finished)
    i.uart_getchar                           0x000028e8   Section        0  mk60_uart.o(i.uart_getchar)
    i.uart_init                              0x0000290c   Section        0  mk60_uart.o(i.uart_init)
    .constdata                               0x00002ae4   Section        8  mk60_adc.o(.constdata)
    .constdata                               0x00002aec   Section       16  mk60_ftm.o(.constdata)
    FTMX                                     0x00002aec   Data          16  mk60_ftm.o(.constdata)
    .constdata                               0x00002afc   Section       40  mk60_gpio.o(.constdata)
    PORTX                                    0x00002afc   Data          20  mk60_gpio.o(.constdata)
    GPIOX                                    0x00002b10   Data          20  mk60_gpio.o(.constdata)
    .constdata                               0x00002b24   Section       40  mk60_port.o(.constdata)
    PORTX                                    0x00002b24   Data          20  mk60_port.o(.constdata)
    GPIOX                                    0x00002b38   Data          20  mk60_port.o(.constdata)
    .constdata                               0x00002b4c   Section     2072  seekfree_oled.o(.constdata)
    .data                                    0x1fff0000   Section       12  common.o(.data)
    .data                                    0x1fff000c   Section        6  mk60_ftm.o(.data)
    .data                                    0x1fff0014   Section       20  mk60_uart.o(.data)
    .data                                    0x1fff0028   Section       77  seekfree_mt9v032.o(.data)
    .data                                    0x1fff0078   Section       28  em.o(.data)
    .data                                    0x1fff0094   Section        3  key.o(.data)
    .bss                                     0x1fff0098   Section    22560  seekfree_mt9v032.o(.bss)
    .bss                                     0x1fff58b8   Section       92  em.o(.bss)
    STACK                                    0x1fff5918   Section     1024  startup_mk66f18.o(STACK)

    Global Symbols

    Symbol Name                              Value     Ov Type        Size  Object(Section)

    BuildAttributes$$THM_ISAv4$E$P$D$K$B$S$7EM$VFPi3$EXTD16$VFPS$VFMA$PE$A:L22UL41UL21$X:L11$S22US41US21$IEEE1$IW$USESV6$~STKCKD$USESV7$~SHL$OSPACE$ROPI$EBA8$MICROLIB$REQ8$PRES8$EABIv2 0x00000000   Number         0  anon$$obj.o ABSOLUTE
    __ARM_use_no_argv                        0x00000000   Number         0  main.o ABSOLUTE
    __Vectors                                0x00000000   Data           4  startup_mk66f18.o(RESET)
    _printf_a                                0x00000000   Number         0  stubs.o ABSOLUTE
    _printf_c                                0x00000000   Number         0  stubs.o ABSOLUTE
    _printf_charcount                        0x00000000   Number         0  stubs.o ABSOLUTE
    _printf_d                                0x00000000   Number         0  stubs.o ABSOLUTE
    _printf_e                                0x00000000   Number         0  stubs.o ABSOLUTE
    _printf_f                                0x00000000   Number         0  stubs.o ABSOLUTE
    _printf_flags                            0x00000000   Number         0  stubs.o ABSOLUTE
    _printf_fp_dec                           0x00000000   Number         0  stubs.o ABSOLUTE
    _printf_fp_hex                           0x00000000   Number         0  stubs.o ABSOLUTE
    _printf_g                                0x00000000   Number         0  stubs.o ABSOLUTE
    _printf_i                                0x00000000   Number         0  stubs.o ABSOLUTE
    _printf_int_dec                          0x00000000   Number         0  stubs.o ABSOLUTE
    _printf_l                                0x00000000   Number         0  stubs.o ABSOLUTE
    _printf_lc                               0x00000000   Number         0  stubs.o ABSOLUTE
    _printf_ll                               0x00000000   Number         0  stubs.o ABSOLUTE
    _printf_lld                              0x00000000   Number         0  stubs.o ABSOLUTE
    _printf_lli                              0x00000000   Number         0  stubs.o ABSOLUTE
    _printf_llo                              0x00000000   Number         0  stubs.o ABSOLUTE
    _printf_llu                              0x00000000   Number         0  stubs.o ABSOLUTE
    _printf_llx                              0x00000000   Number         0  stubs.o ABSOLUTE
    _printf_longlong_dec                     0x00000000   Number         0  stubs.o ABSOLUTE
    _printf_longlong_hex                     0x00000000   Number         0  stubs.o ABSOLUTE
    _printf_longlong_oct                     0x00000000   Number         0  stubs.o ABSOLUTE
    _printf_ls                               0x00000000   Number         0  stubs.o ABSOLUTE
    _printf_mbtowc                           0x00000000   Number         0  stubs.o ABSOLUTE
    _printf_n                                0x00000000   Number         0  stubs.o ABSOLUTE
    _printf_o                                0x00000000   Number         0  stubs.o ABSOLUTE
    _printf_p                                0x00000000   Number         0  stubs.o ABSOLUTE
    _printf_percent                          0x00000000   Number         0  stubs.o ABSOLUTE
    _printf_pre_padding                      0x00000000   Number         0  stubs.o ABSOLUTE
    _printf_return_value                     0x00000000   Number         0  stubs.o ABSOLUTE
    _printf_s                                0x00000000   Number         0  stubs.o ABSOLUTE
    _printf_sizespec                         0x00000000   Number         0  stubs.o ABSOLUTE
    _printf_str                              0x00000000   Number         0  stubs.o ABSOLUTE
    _printf_truncate_signed                  0x00000000   Number         0  stubs.o ABSOLUTE
    _printf_truncate_unsigned                0x00000000   Number         0  stubs.o ABSOLUTE
    _printf_u                                0x00000000   Number         0  stubs.o ABSOLUTE
    _printf_wc                               0x00000000   Number         0  stubs.o ABSOLUTE
    _printf_wctomb                           0x00000000   Number         0  stubs.o ABSOLUTE
    _printf_widthprec                        0x00000000   Number         0  stubs.o ABSOLUTE
    _printf_x                                0x00000000   Number         0  stubs.o ABSOLUTE
    __cpp_initialize__aeabi_                  - Undefined Weak Reference
    __cxa_finalize                            - Undefined Weak Reference
    __decompress                              - Undefined Weak Reference
    _clock_init                               - Undefined Weak Reference
    _microlib_exit                            - Undefined Weak Reference
    __Vectors_End                            0x00000400   Data           0  startup_mk66f18.o(RESET)
    __Vectors_Size                           0x00000400   Number         0  startup_mk66f18.o ABSOLUTE
    __main                                   0x00000411   Thumb Code     0  entry.o(.ARM.Collect$$$$00000000)
    _main_stk                                0x00000411   Thumb Code     0  entry2.o(.ARM.Collect$$$$00000001)
    _main_scatterload                        0x00000415   Thumb Code     0  entry5.o(.ARM.Collect$$$$00000004)
    __main_after_scatterload                 0x00000419   Thumb Code     0  entry5.o(.ARM.Collect$$$$00000004)
    _main_clock                              0x00000419   Thumb Code     0  entry7b.o(.ARM.Collect$$$$00000008)
    _main_cpp_init                           0x00000419   Thumb Code     0  entry8b.o(.ARM.Collect$$$$0000000A)
    _main_init                               0x00000419   Thumb Code     0  entry9a.o(.ARM.Collect$$$$0000000B)
    __rt_final_cpp                           0x00000421   Thumb Code     0  entry10a.o(.ARM.Collect$$$$0000000D)
    __rt_final_exit                          0x00000421   Thumb Code     0  entry11a.o(.ARM.Collect$$$$0000000F)
    Reset_Handler                            0x00000425   Thumb Code    12  startup_mk66f18.o(.text)
    HardFault_Handler                        0x00000433   Thumb Code     2  startup_mk66f18.o(.text)
    MemManage_Handler                        0x00000435   Thumb Code     2  startup_mk66f18.o(.text)
    BusFault_Handler                         0x00000437   Thumb Code     2  startup_mk66f18.o(.text)
    UsageFault_Handler                       0x00000439   Thumb Code     2  startup_mk66f18.o(.text)
    SVC_Handler                              0x0000043b   Thumb Code     2  startup_mk66f18.o(.text)
    DebugMon_Handler                         0x0000043d   Thumb Code     2  startup_mk66f18.o(.text)
    PendSV_Handler                           0x0000043f   Thumb Code     2  startup_mk66f18.o(.text)
    SysTick_Handler                          0x00000441   Thumb Code     2  startup_mk66f18.o(.text)
    ADC0_IRQHandler                          0x00000443   Thumb Code     0  startup_mk66f18.o(.text)
    ADC1_IRQHandler                          0x00000443   Thumb Code     0  startup_mk66f18.o(.text)
    CAN0_Bus_Off_IRQHandler                  0x00000443   Thumb Code     0  startup_mk66f18.o(.text)
    CAN0_Error_IRQHandler                    0x00000443   Thumb Code     0  startup_mk66f18.o(.text)
    CAN0_ORed_Message_buffer_IRQHandler      0x00000443   Thumb Code     0  startup_mk66f18.o(.text)
    CAN0_Rx_Warning_IRQHandler               0x00000443   Thumb Code     0  startup_mk66f18.o(.text)
    CAN0_Tx_Warning_IRQHandler               0x00000443   Thumb Code     0  startup_mk66f18.o(.text)
    CAN0_Wake_Up_IRQHandler                  0x00000443   Thumb Code     0  startup_mk66f18.o(.text)
    CAN1_Bus_Off_IRQHandler                  0x00000443   Thumb Code     0  startup_mk66f18.o(.text)
    CAN1_Error_IRQHandler                    0x00000443   Thumb Code     0  startup_mk66f18.o(.text)
    CAN1_ORed_Message_buffer_IRQHandler      0x00000443   Thumb Code     0  startup_mk66f18.o(.text)
    CAN1_Rx_Warning_IRQHandler               0x00000443   Thumb Code     0  startup_mk66f18.o(.text)
    CAN1_Tx_Warning_IRQHandler               0x00000443   Thumb Code     0  startup_mk66f18.o(.text)
    CAN1_Wake_Up_IRQHandler                  0x00000443   Thumb Code     0  startup_mk66f18.o(.text)
    CMP0_IRQHandler                          0x00000443   Thumb Code     0  startup_mk66f18.o(.text)
    CMP1_IRQHandler                          0x00000443   Thumb Code     0  startup_mk66f18.o(.text)
    CMP2_IRQHandler                          0x00000443   Thumb Code     0  startup_mk66f18.o(.text)
    CMP3_IRQHandler                          0x00000443   Thumb Code     0  startup_mk66f18.o(.text)
    CMT_IRQHandler                           0x00000443   Thumb Code     0  startup_mk66f18.o(.text)
    DAC0_IRQHandler                          0x00000443   Thumb Code     0  startup_mk66f18.o(.text)
    DAC1_IRQHandler                          0x00000443   Thumb Code     0  startup_mk66f18.o(.text)
    DMA10_IRQHandler                         0x00000443   Thumb Code     0  startup_mk66f18.o(.text)
    DMA11_IRQHandler                         0x00000443   Thumb Code     0  startup_mk66f18.o(.text)
    DMA12_IRQHandler                         0x00000443   Thumb Code     0  startup_mk66f18.o(.text)
    DMA13_IRQHandler                         0x00000443   Thumb Code     0  startup_mk66f18.o(.text)
    DMA14_IRQHandler                         0x00000443   Thumb Code     0  startup_mk66f18.o(.text)
    DMA15_IRQHandler                         0x00000443   Thumb Code     0  startup_mk66f18.o(.text)
    DMA1_IRQHandler                          0x00000443   Thumb Code     0  startup_mk66f18.o(.text)
    DMA2_IRQHandler                          0x00000443   Thumb Code     0  startup_mk66f18.o(.text)
    DMA3_IRQHandler                          0x00000443   Thumb Code     0  startup_mk66f18.o(.text)
    DMA4_IRQHandler                          0x00000443   Thumb Code     0  startup_mk66f18.o(.text)
    DMA5_IRQHandler                          0x00000443   Thumb Code     0  startup_mk66f18.o(.text)
    DMA6_IRQHandler                          0x00000443   Thumb Code     0  startup_mk66f18.o(.text)
    DMA7_IRQHandler                          0x00000443   Thumb Code     0  startup_mk66f18.o(.text)
    DMA8_IRQHandler                          0x00000443   Thumb Code     0  startup_mk66f18.o(.text)
    DMA9_IRQHandler                          0x00000443   Thumb Code     0  startup_mk66f18.o(.text)
    DMA_Error_IRQHandler                     0x00000443   Thumb Code     0  startup_mk66f18.o(.text)
    DefaultISR                               0x00000443   Thumb Code     0  startup_mk66f18.o(.text)
    ENET_1588_Timer_IRQHandler               0x00000443   Thumb Code     0  startup_mk66f18.o(.text)
    ENET_Error_IRQHandler                    0x00000443   Thumb Code     0  startup_mk66f18.o(.text)
    ENET_Receive_IRQHandler                  0x00000443   Thumb Code     0  startup_mk66f18.o(.text)
    ENET_Transmit_IRQHandler                 0x00000443   Thumb Code     0  startup_mk66f18.o(.text)
    FTFE_IRQHandler                          0x00000443   Thumb Code     0  startup_mk66f18.o(.text)
    FTM0_IRQHandler                          0x00000443   Thumb Code     0  startup_mk66f18.o(.text)
    FTM1_IRQHandler                          0x00000443   Thumb Code     0  startup_mk66f18.o(.text)
    FTM2_IRQHandler                          0x00000443   Thumb Code     0  startup_mk66f18.o(.text)
    FTM3_IRQHandler                          0x00000443   Thumb Code     0  startup_mk66f18.o(.text)
    I2C0_IRQHandler                          0x00000443   Thumb Code     0  startup_mk66f18.o(.text)
    I2C1_IRQHandler                          0x00000443   Thumb Code     0  startup_mk66f18.o(.text)
    I2C2_IRQHandler                          0x00000443   Thumb Code     0  startup_mk66f18.o(.text)
    I2C3_IRQHandler                          0x00000443   Thumb Code     0  startup_mk66f18.o(.text)
    I2S0_Rx_IRQHandler                       0x00000443   Thumb Code     0  startup_mk66f18.o(.text)
    I2S0_Tx_IRQHandler                       0x00000443   Thumb Code     0  startup_mk66f18.o(.text)
    LLWU_IRQHandler                          0x00000443   Thumb Code     0  startup_mk66f18.o(.text)
    LPTMR0_IRQHandler                        0x00000443   Thumb Code     0  startup_mk66f18.o(.text)
    LPUART0_IRQHandler                       0x00000443   Thumb Code     0  startup_mk66f18.o(.text)
    LVD_LVW_IRQHandler                       0x00000443   Thumb Code     0  startup_mk66f18.o(.text)
    MCG_IRQHandler                           0x00000443   Thumb Code     0  startup_mk66f18.o(.text)
    MCM_IRQHandler                           0x00000443   Thumb Code     0  startup_mk66f18.o(.text)
    PDB0_IRQHandler                          0x00000443   Thumb Code     0  startup_mk66f18.o(.text)
    PIT1_IRQHandler                          0x00000443   Thumb Code     0  startup_mk66f18.o(.text)
    PIT2_IRQHandler                          0x00000443   Thumb Code     0  startup_mk66f18.o(.text)
    PIT3_IRQHandler                          0x00000443   Thumb Code     0  startup_mk66f18.o(.text)
    PORTB_IRQHandler                         0x00000443   Thumb Code     0  startup_mk66f18.o(.text)
    PORTE_IRQHandler                         0x00000443   Thumb Code     0  startup_mk66f18.o(.text)
    RNG_IRQHandler                           0x00000443   Thumb Code     0  startup_mk66f18.o(.text)
    RTC_IRQHandler                           0x00000443   Thumb Code     0  startup_mk66f18.o(.text)
    RTC_Seconds_IRQHandler                   0x00000443   Thumb Code     0  startup_mk66f18.o(.text)
    Read_Collision_IRQHandler                0x00000443   Thumb Code     0  startup_mk66f18.o(.text)
    Reserved46_IRQHandler                    0x00000443   Thumb Code     0  startup_mk66f18.o(.text)
    Reserved71_IRQHandler                    0x00000443   Thumb Code     0  startup_mk66f18.o(.text)
    Reserved84_IRQHandler                    0x00000443   Thumb Code     0  startup_mk66f18.o(.text)
    Reserved85_IRQHandler                    0x00000443   Thumb Code     0  startup_mk66f18.o(.text)
    SDHC_IRQHandler                          0x00000443   Thumb Code     0  startup_mk66f18.o(.text)
    SPI0_IRQHandler                          0x00000443   Thumb Code     0  startup_mk66f18.o(.text)
    SPI1_IRQHandler                          0x00000443   Thumb Code     0  startup_mk66f18.o(.text)
    SPI2_IRQHandler                          0x00000443   Thumb Code     0  startup_mk66f18.o(.text)
    SWI_IRQHandler                           0x00000443   Thumb Code     0  startup_mk66f18.o(.text)
    TPM1_IRQHandler                          0x00000443   Thumb Code     0  startup_mk66f18.o(.text)
    TPM2_IRQHandler                          0x00000443   Thumb Code     0  startup_mk66f18.o(.text)
    TSI0_IRQHandler                          0x00000443   Thumb Code     0  startup_mk66f18.o(.text)
    UART0_ERR_IRQHandler                     0x00000443   Thumb Code     0  startup_mk66f18.o(.text)
    UART0_RX_TX_IRQHandler                   0x00000443   Thumb Code     0  startup_mk66f18.o(.text)
    UART1_ERR_IRQHandler                     0x00000443   Thumb Code     0  startup_mk66f18.o(.text)
    UART1_RX_TX_IRQHandler                   0x00000443   Thumb Code     0  startup_mk66f18.o(.text)
    UART2_ERR_IRQHandler                     0x00000443   Thumb Code     0  startup_mk66f18.o(.text)
    UART2_RX_TX_IRQHandler                   0x00000443   Thumb Code     0  startup_mk66f18.o(.text)
    UART3_ERR_IRQHandler                     0x00000443   Thumb Code     0  startup_mk66f18.o(.text)
    UART4_ERR_IRQHandler                     0x00000443   Thumb Code     0  startup_mk66f18.o(.text)
    USB0_IRQHandler                          0x00000443   Thumb Code     0  startup_mk66f18.o(.text)
    USBDCD_IRQHandler                        0x00000443   Thumb Code     0  startup_mk66f18.o(.text)
    USBHSDCD_IRQHandler                      0x00000443   Thumb Code     0  startup_mk66f18.o(.text)
    USBHS_IRQHandler                         0x00000443   Thumb Code     0  startup_mk66f18.o(.text)
    WDOG_EWM_IRQHandler                      0x00000443   Thumb Code     0  startup_mk66f18.o(.text)
    __aeabi_dadd                             0x0000044d   Thumb Code   322  dadd.o(.text)
    __aeabi_dsub                             0x0000058f   Thumb Code     6  dadd.o(.text)
    __aeabi_drsub                            0x00000595   Thumb Code     6  dadd.o(.text)
    __aeabi_dmul                             0x0000059b   Thumb Code   228  dmul.o(.text)
    __aeabi_d2uiz                            0x0000067f   Thumb Code    50  dfixui.o(.text)
    __aeabi_f2d                              0x000006b1   Thumb Code    38  f2d.o(.text)
    __aeabi_uidiv                            0x000006d7   Thumb Code     0  uidiv.o(.text)
    __aeabi_uidivmod                         0x000006d7   Thumb Code    44  uidiv.o(.text)
    __aeabi_uldivmod                         0x00000703   Thumb Code    98  uldiv.o(.text)
    __aeabi_llsl                             0x00000765   Thumb Code    30  llshl.o(.text)
    _ll_shift_l                              0x00000765   Thumb Code     0  llshl.o(.text)
    __aeabi_llsr                             0x00000783   Thumb Code    32  llushr.o(.text)
    _ll_ushift_r                             0x00000783   Thumb Code     0  llushr.o(.text)
    __aeabi_lasr                             0x000007a3   Thumb Code    36  llsshr.o(.text)
    _ll_sshift_r                             0x000007a3   Thumb Code     0  llsshr.o(.text)
    __I$use$fp                               0x000007c7   Thumb Code     0  iusefp.o(.text)
    _double_round                            0x000007c7   Thumb Code    30  depilogue.o(.text)
    _double_epilogue                         0x000007e5   Thumb Code   156  depilogue.o(.text)
    __aeabi_ddiv                             0x00000881   Thumb Code   222  ddiv.o(.text)
    __aeabi_d2ulz                            0x0000095f   Thumb Code    48  dfixul.o(.text)
    __aeabi_cdrcmple                         0x00000991   Thumb Code    48  cdrcmple.o(.text)
    __scatterload                            0x000009c1   Thumb Code    28  init.o(.text)
    __scatterload_rt2                        0x000009c1   Thumb Code     0  init.o(.text)
    DMA0_IRQHandler                          0x000009e5   Thumb Code    20  isr.o(i.DMA0_IRQHandler)
    Disable_Wdog                             0x000009fd   Thumb Code    22  system_mk66.o(i.Disable_Wdog)
    EM_dectect                               0x00000a19   Thumb Code   608  em.o(i.EM_dectect)
    EM_get                                   0x00000cad   Thumb Code    40  em.o(i.EM_get)
    EM_init                                  0x00000ce1   Thumb Code    26  em.o(i.EM_init)
    EM_store                                 0x00000cfd   Thumb Code   492  em.o(i.EM_store)
    FTM_port_mux                             0x00000f15   Thumb Code   398  mk60_ftm.o(i.FTM_port_mux)
    Key_init                                 0x000010a9   Thumb Code   100  key.o(i.Key_init)
    Key_select                               0x00001121   Thumb Code   134  key.o(i.Key_select)
    Motor12_speed                            0x000011b9   Thumb Code    28  motor.o(i.Motor12_speed)
    Motor34_speed                            0x000011d5   Thumb Code    28  motor.o(i.Motor34_speed)
    Motor_init                               0x000011f1   Thumb Code    60  motor.o(i.Motor_init)
    NMI_Handler                              0x0000122d   Thumb Code     2  system_mk66.o(i.NMI_Handler)
    OLED_DLY_ms                              0x0000122f   Thumb Code    28  seekfree_oled.o(i.OLED_DLY_ms)
    OLED_Fill                                0x0000124b   Thumb Code    58  seekfree_oled.o(i.OLED_Fill)
    OLED_HEXACSII                            0x00001285   Thumb Code    48  seekfree_oled.o(i.OLED_HEXACSII)
    OLED_Init                                0x000012b5   Thumb Code   288  seekfree_oled.o(i.OLED_Init)
    OLED_P6x8Str                             0x000013d5   Thumb Code    96  seekfree_oled.o(i.OLED_P6x8Str)
    OLED_Print_Num1                          0x00001439   Thumb Code    84  seekfree_oled.o(i.OLED_Print_Num1)
    OLED_Print_float                         0x00001495   Thumb Code    62  seekfree_oled.o(i.OLED_Print_float)
    OLED_Set_Pos                             0x000014d9   Thumb Code    40  seekfree_oled.o(i.OLED_Set_Pos)
    OLED_WrCmd                               0x00001501   Thumb Code    80  seekfree_oled.o(i.OLED_WrCmd)
    OLED_WrDat                               0x00001551   Thumb Code    80  seekfree_oled.o(i.OLED_WrDat)
    PID_Direction_Pos_Neg                    0x000015a1   Thumb Code    70  em.o(i.PID_Direction_Pos_Neg)
    PIT0_IRQHandler                          0x000015e9   Thumb Code    22  isr.o(i.PIT0_IRQHandler)
    PORTA_IRQHandler                         0x00001605   Thumb Code    18  isr.o(i.PORTA_IRQHandler)
    PORTC_IRQHandler                         0x0000161d   Thumb Code    16  isr.o(i.PORTC_IRQHandler)
    PORTD_IRQHandler                         0x00001631   Thumb Code    68  isr.o(i.PORTD_IRQHandler)
    Round_Detect                             0x00001685   Thumb Code    94  em.o(i.Round_Detect)
    SYSTEM_CLK                               0x000016f9   Thumb Code   170  system_mk66.o(i.SYSTEM_CLK)
    Start                                    0x000017b1   Thumb Code    34  system_mk66.o(i.Start)
    UART3_RX_TX_IRQHandler                   0x000017d9   Thumb Code    22  isr.o(i.UART3_RX_TX_IRQHandler)
    UART4_RX_TX_IRQHandler                   0x000017f5   Thumb Code    10  isr.o(i.UART4_RX_TX_IRQHandler)
    VSYNC                                    0x00001805   Thumb Code    72  seekfree_mt9v032.o(i.VSYNC)
    __0sprintf                               0x0000185d   Thumb Code    34  printfa.o(i.__0sprintf)
    __1sprintf                               0x0000185d   Thumb Code     0  printfa.o(i.__0sprintf)
    __2sprintf                               0x0000185d   Thumb Code     0  printfa.o(i.__0sprintf)
    __c89sprintf                             0x0000185d   Thumb Code     0  printfa.o(i.__0sprintf)
    sprintf                                  0x0000185d   Thumb Code     0  printfa.o(i.__0sprintf)
    __scatterload_copy                       0x00001885   Thumb Code    14  handlers.o(i.__scatterload_copy)
    __scatterload_null                       0x00001893   Thumb Code     2  handlers.o(i.__scatterload_null)
    __scatterload_zeroinit                   0x00001895   Thumb Code    14  handlers.o(i.__scatterload_zeroinit)
    adc_init                                 0x00002161   Thumb Code   426  mk60_adc.o(i.adc_init)
    adc_once                                 0x00002311   Thumb Code    70  mk60_adc.o(i.adc_once)
    adc_start                                0x0000235d   Thumb Code    52  mk60_adc.o(i.adc_start)
    div_set                                  0x00002395   Thumb Code    68  system_mk66.o(i.div_set)
    ftm_pwm_duty                             0x000023e1   Thumb Code   120  mk60_ftm.o(i.ftm_pwm_duty)
    ftm_pwm_init                             0x00002461   Thumb Code   296  mk60_ftm.o(i.ftm_pwm_init)
    get_clk                                  0x00002595   Thumb Code    94  common.o(i.get_clk)
    gpio_get                                 0x00002609   Thumb Code    38  mk60_gpio.o(i.gpio_get)
    gpio_init                                0x00002635   Thumb Code   200  mk60_gpio.o(i.gpio_init)
    gpio_set                                 0x00002709   Thumb Code    66  mk60_gpio.o(i.gpio_set)
    gpio_turn                                0x00002751   Thumb Code    34  mk60_gpio.o(i.gpio_turn)
    main                                     0x00002779   Thumb Code    72  main.o(i.main)
    mt9v032_cof_uart_interrupt               0x000027c5   Thumb Code    68  seekfree_mt9v032.o(i.mt9v032_cof_uart_interrupt)
    port_init                                0x00002815   Thumb Code   102  mk60_port.o(i.port_init)
    port_init_NoAlt                          0x00002889   Thumb Code    76  mk60_port.o(i.port_init_NoAlt)
    row_finished                             0x000028dd   Thumb Code     8  seekfree_mt9v032.o(i.row_finished)
    uart_getchar                             0x000028e9   Thumb Code    30  mk60_uart.o(i.uart_getchar)
    uart_init                                0x0000290d   Thumb Code   452  mk60_uart.o(i.uart_init)
    ADCX                                     0x00002ae4   Data           8  mk60_adc.o(.constdata)
    F6x8                                     0x00002b4c   Data         552  seekfree_oled.o(.constdata)
    F8X16                                    0x00002d74   Data        1520  seekfree_oled.o(.constdata)
    Region$$Table$$Base                      0x00003364   Number         0  anon$$obj.o(Region$$Table)
    Region$$Table$$Limit                     0x00003384   Number         0  anon$$obj.o(Region$$Table)
    mcgout_clk_mhz                           0x1fff0000   Data           4  common.o(.data)
    core_clk_mhz                             0x1fff0004   Data           4  common.o(.data)
    bus_clk_mhz                              0x1fff0008   Data           4  common.o(.data)
    period                                   0x1fff000c   Data           6  mk60_ftm.o(.data)
    uart                                     0x1fff0014   Data          20  mk60_uart.o(.data)
    receive                                  0x1fff0028   Data           3  seekfree_mt9v032.o(.data)
    receive_num                              0x1fff002b   Data           1  seekfree_mt9v032.o(.data)
    uart_receive_flag                        0x1fff002c   Data           1  seekfree_mt9v032.o(.data)
    MT9V032_CFG                              0x1fff002e   Data          36  seekfree_mt9v032.o(.data)
    GET_CFG                                  0x1fff0052   Data          32  seekfree_mt9v032.o(.data)
    version                                  0x1fff0072   Data           2  seekfree_mt9v032.o(.data)
    mt9v032_finish_flag                      0x1fff0074   Data           1  seekfree_mt9v032.o(.data)
    EM_left_value                            0x1fff0078   Data           2  em.o(.data)
    EM_right_value                           0x1fff007a   Data           2  em.o(.data)
    EM_mid_value                             0x1fff007c   Data           2  em.o(.data)
    ELE_Angle_max_out                        0x1fff0080   Data           4  em.o(.data)
    EM_error                                 0x1fff0084   Data           4  em.o(.data)
    EM_last_error                            0x1fff0088   Data           4  em.o(.data)
    PWM_Direction                            0x1fff008c   Data           4  em.o(.data)
    g_curve_count                            0x1fff0090   Data           2  em.o(.data)
    curve_flag                               0x1fff0092   Data           2  em.o(.data)
    key_interrupt_flag                       0x1fff0094   Data           1  key.o(.data)
    key_value_last                           0x1fff0095   Data           1  key.o(.data)
    key_value                                0x1fff0096   Data           1  key.o(.data)
    image                                    0x1fff0098   Data       22560  seekfree_mt9v032.o(.bss)
    EM_left                                  0x1fff58b8   Data          10  em.o(.bss)
    EM_mid                                   0x1fff58c2   Data          10  em.o(.bss)
    EM_right                                 0x1fff58cc   Data          10  em.o(.bss)
    ELE_PID_Direction                        0x1fff58d8   Data          60  em.o(.bss)
    __initial_sp                             0x1fff5d18   Data           0  startup_mk66f18.o(STACK)



==============================================================================

Memory Map of the image

  Image Entry point : 0x00000411

  Load Region LR_IROM1 (Base: 0x00000000, Size: 0x0000341c, Max: 0x00100000, ABSOLUTE)

    Execution Region ER_IROM1 (Exec base: 0x00000000, Load base: 0x00000000, Size: 0x00003384, Max: 0x00100000, ABSOLUTE)

    Exec Addr    Load Addr    Size         Type   Attr      Idx    E Section Name        Object

    0x00000000   0x00000000   0x00000400   Data   RO            3    RESET               startup_mk66f18.o
    0x00000400   0x00000400   0x00000010   Code   RO            4    .ARM.__at_0x400     startup_mk66f18.o
    0x00000410   0x00000410   0x00000000   Code   RO         2311  * .ARM.Collect$$$$00000000  mc_w.l(entry.o)
    0x00000410   0x00000410   0x00000004   Code   RO         2615    .ARM.Collect$$$$00000001  mc_w.l(entry2.o)
    0x00000414   0x00000414   0x00000004   Code   RO         2618    .ARM.Collect$$$$00000004  mc_w.l(entry5.o)
    0x00000418   0x00000418   0x00000000   Code   RO         2620    .ARM.Collect$$$$00000008  mc_w.l(entry7b.o)
    0x00000418   0x00000418   0x00000000   Code   RO         2622    .ARM.Collect$$$$0000000A  mc_w.l(entry8b.o)
    0x00000418   0x00000418   0x00000008   Code   RO         2623    .ARM.Collect$$$$0000000B  mc_w.l(entry9a.o)
    0x00000420   0x00000420   0x00000000   Code   RO         2625    .ARM.Collect$$$$0000000D  mc_w.l(entry10a.o)
    0x00000420   0x00000420   0x00000000   Code   RO         2627    .ARM.Collect$$$$0000000F  mc_w.l(entry11a.o)
    0x00000420   0x00000420   0x00000004   Code   RO         2616    .ARM.Collect$$$$00002712  mc_w.l(entry2.o)
    0x00000424   0x00000424   0x00000028   Code   RO            5    .text               startup_mk66f18.o
    0x0000044c   0x0000044c   0x0000014e   Code   RO         2607    .text               mf_w.l(dadd.o)
    0x0000059a   0x0000059a   0x000000e4   Code   RO         2609    .text               mf_w.l(dmul.o)
    0x0000067e   0x0000067e   0x00000032   Code   RO         2611    .text               mf_w.l(dfixui.o)
    0x000006b0   0x000006b0   0x00000026   Code   RO         2613    .text               mf_w.l(f2d.o)
    0x000006d6   0x000006d6   0x0000002c   Code   RO         2630    .text               mc_w.l(uidiv.o)
    0x00000702   0x00000702   0x00000062   Code   RO         2632    .text               mc_w.l(uldiv.o)
    0x00000764   0x00000764   0x0000001e   Code   RO         2634    .text               mc_w.l(llshl.o)
    0x00000782   0x00000782   0x00000020   Code   RO         2636    .text               mc_w.l(llushr.o)
    0x000007a2   0x000007a2   0x00000024   Code   RO         2638    .text               mc_w.l(llsshr.o)
    0x000007c6   0x000007c6   0x00000000   Code   RO         2642    .text               mc_w.l(iusefp.o)
    0x000007c6   0x000007c6   0x000000ba   Code   RO         2643    .text               mf_w.l(depilogue.o)
    0x00000880   0x00000880   0x000000de   Code   RO         2645    .text               mf_w.l(ddiv.o)
    0x0000095e   0x0000095e   0x00000030   Code   RO         2647    .text               mf_w.l(dfixul.o)
    0x0000098e   0x0000098e   0x00000002   PAD
    0x00000990   0x00000990   0x00000030   Code   RO         2649    .text               mf_w.l(cdrcmple.o)
    0x000009c0   0x000009c0   0x00000024   Code   RO         2651    .text               mc_w.l(init.o)
    0x000009e4   0x000009e4   0x00000018   Code   RO          989    i.DMA0_IRQHandler   isr.o
    0x000009fc   0x000009fc   0x0000001c   Code   RO           15    i.Disable_Wdog      system_mk66.o
    0x00000a18   0x00000a18   0x00000294   Code   RO         2185    i.EM_dectect        em.o
    0x00000cac   0x00000cac   0x00000034   Code   RO         2186    i.EM_get            em.o
    0x00000ce0   0x00000ce0   0x0000001a   Code   RO         2187    i.EM_init           em.o
    0x00000cfa   0x00000cfa   0x00000002   PAD
    0x00000cfc   0x00000cfc   0x00000218   Code   RO         2188    i.EM_store          em.o
    0x00000f14   0x00000f14   0x00000194   Code   RO          337    i.FTM_port_mux      mk60_ftm.o
    0x000010a8   0x000010a8   0x00000078   Code   RO         2277    i.Key_init          key.o
    0x00001120   0x00001120   0x00000098   Code   RO         2278    i.Key_select        key.o
    0x000011b8   0x000011b8   0x0000001c   Code   RO         2242    i.Motor12_speed     motor.o
    0x000011d4   0x000011d4   0x0000001c   Code   RO         2243    i.Motor34_speed     motor.o
    0x000011f0   0x000011f0   0x0000003c   Code   RO         2244    i.Motor_init        motor.o
    0x0000122c   0x0000122c   0x00000002   Code   RO           16    i.NMI_Handler       system_mk66.o
    0x0000122e   0x0000122e   0x0000001c   Code   RO         1659    i.OLED_DLY_ms       seekfree_oled.o
    0x0000124a   0x0000124a   0x0000003a   Code   RO         1660    i.OLED_Fill         seekfree_oled.o
    0x00001284   0x00001284   0x00000030   Code   RO         1661    i.OLED_HEXACSII     seekfree_oled.o
    0x000012b4   0x000012b4   0x00000120   Code   RO         1662    i.OLED_Init         seekfree_oled.o
    0x000013d4   0x000013d4   0x00000064   Code   RO         1663    i.OLED_P6x8Str      seekfree_oled.o
    0x00001438   0x00001438   0x0000005c   Code   RO         1666    i.OLED_Print_Num1   seekfree_oled.o
    0x00001494   0x00001494   0x00000044   Code   RO         1667    i.OLED_Print_float  seekfree_oled.o
    0x000014d8   0x000014d8   0x00000028   Code   RO         1669    i.OLED_Set_Pos      seekfree_oled.o
    0x00001500   0x00001500   0x00000050   Code   RO         1671    i.OLED_WrCmd        seekfree_oled.o
    0x00001550   0x00001550   0x00000050   Code   RO         1672    i.OLED_WrDat        seekfree_oled.o
    0x000015a0   0x000015a0   0x00000046   Code   RO         2189    i.PID_Direction_Pos_Neg  em.o
    0x000015e6   0x000015e6   0x00000002   PAD
    0x000015e8   0x000015e8   0x0000001c   Code   RO          990    i.PIT0_IRQHandler   isr.o
    0x00001604   0x00001604   0x00000018   Code   RO          991    i.PORTA_IRQHandler  isr.o
    0x0000161c   0x0000161c   0x00000014   Code   RO          992    i.PORTC_IRQHandler  isr.o
    0x00001630   0x00001630   0x00000054   Code   RO          993    i.PORTD_IRQHandler  isr.o
    0x00001684   0x00001684   0x00000074   Code   RO         2190    i.Round_Detect      em.o
    0x000016f8   0x000016f8   0x000000b8   Code   RO           17    i.SYSTEM_CLK        system_mk66.o
    0x000017b0   0x000017b0   0x00000028   Code   RO           18    i.Start             system_mk66.o
    0x000017d8   0x000017d8   0x0000001c   Code   RO          994    i.UART3_RX_TX_IRQHandler  isr.o
    0x000017f4   0x000017f4   0x00000010   Code   RO          995    i.UART4_RX_TX_IRQHandler  isr.o
    0x00001804   0x00001804   0x00000058   Code   RO         1497    i.VSYNC             seekfree_mt9v032.o
    0x0000185c   0x0000185c   0x00000028   Code   RO         2553    i.__0sprintf        mc_w.l(printfa.o)
    0x00001884   0x00001884   0x0000000e   Code   RO         2655    i.__scatterload_copy  mc_w.l(handlers.o)
    0x00001892   0x00001892   0x00000002   Code   RO         2656    i.__scatterload_null  mc_w.l(handlers.o)
    0x00001894   0x00001894   0x0000000e   Code   RO         2657    i.__scatterload_zeroinit  mc_w.l(handlers.o)
    0x000018a2   0x000018a2   0x00000002   PAD
    0x000018a4   0x000018a4   0x00000184   Code   RO         2558    i._fp_digits        mc_w.l(printfa.o)
    0x00001a28   0x00001a28   0x000006dc   Code   RO         2559    i._printf_core      mc_w.l(printfa.o)
    0x00002104   0x00002104   0x00000024   Code   RO         2560    i._printf_post_padding  mc_w.l(printfa.o)
    0x00002128   0x00002128   0x0000002e   Code   RO         2561    i._printf_pre_padding  mc_w.l(printfa.o)
    0x00002156   0x00002156   0x0000000a   Code   RO         2563    i._sputc            mc_w.l(printfa.o)
    0x00002160   0x00002160   0x000001b0   Code   RO          151    i.adc_init          mk60_adc.o
    0x00002310   0x00002310   0x0000004c   Code   RO          152    i.adc_once          mk60_adc.o
    0x0000235c   0x0000235c   0x00000038   Code   RO          153    i.adc_start         mk60_adc.o
    0x00002394   0x00002394   0x0000004c   Code   RO           19    i.div_set           system_mk66.o
    0x000023e0   0x000023e0   0x00000080   Code   RO          341    i.ftm_pwm_duty      mk60_ftm.o
    0x00002460   0x00002460   0x00000134   Code   RO          343    i.ftm_pwm_init      mk60_ftm.o
    0x00002594   0x00002594   0x00000074   Code   RO          105    i.get_clk           common.o
    0x00002608   0x00002608   0x0000002c   Code   RO          423    i.gpio_get          mk60_gpio.o
    0x00002634   0x00002634   0x000000d4   Code   RO          424    i.gpio_init         mk60_gpio.o
    0x00002708   0x00002708   0x00000048   Code   RO          425    i.gpio_set          mk60_gpio.o
    0x00002750   0x00002750   0x00000028   Code   RO          426    i.gpio_turn         mk60_gpio.o
    0x00002778   0x00002778   0x0000004c   Code   RO         1115    i.main              main.o
    0x000027c4   0x000027c4   0x00000050   Code   RO         1501    i.mt9v032_cof_uart_interrupt  seekfree_mt9v032.o
    0x00002814   0x00002814   0x00000074   Code   RO          604    i.port_init         mk60_port.o
    0x00002888   0x00002888   0x00000054   Code   RO          605    i.port_init_NoAlt   mk60_port.o
    0x000028dc   0x000028dc   0x0000000c   Code   RO         1502    i.row_finished      seekfree_mt9v032.o
    0x000028e8   0x000028e8   0x00000024   Code   RO          846    i.uart_getchar      mk60_uart.o
    0x0000290c   0x0000290c   0x000001d8   Code   RO          847    i.uart_init         mk60_uart.o
    0x00002ae4   0x00002ae4   0x00000008   Data   RO          155    .constdata          mk60_adc.o
    0x00002aec   0x00002aec   0x00000010   Data   RO          347    .constdata          mk60_ftm.o
    0x00002afc   0x00002afc   0x00000028   Data   RO          427    .constdata          mk60_gpio.o
    0x00002b24   0x00002b24   0x00000028   Data   RO          606    .constdata          mk60_port.o
    0x00002b4c   0x00002b4c   0x00000818   Data   RO         1674    .constdata          seekfree_oled.o
    0x00003364   0x00003364   0x00000020   Data   RO         2653    Region$$Table       anon$$obj.o


    Execution Region RW_IRAM1 (Exec base: 0x1fff0000, Load base: 0x00003384, Size: 0x00005d18, Max: 0x00040000, ABSOLUTE)

    Exec Addr    Load Addr    Size         Type   Attr      Idx    E Section Name        Object

    0x1fff0000   0x00003384   0x0000000c   Data   RW          106    .data               common.o
    0x1fff000c   0x00003390   0x00000006   Data   RW          348    .data               mk60_ftm.o
    0x1fff0012   0x00003396   0x00000002   PAD
    0x1fff0014   0x00003398   0x00000014   Data   RW          856    .data               mk60_uart.o
    0x1fff0028   0x000033ac   0x0000004d   Data   RW         1507    .data               seekfree_mt9v032.o
    0x1fff0075   0x000033f9   0x00000003   PAD
    0x1fff0078   0x000033fc   0x0000001c   Data   RW         2192    .data               em.o
    0x1fff0094   0x00003418   0x00000003   Data   RW         2279    .data               key.o
    0x1fff0097   0x0000341b   0x00000001   PAD
    0x1fff0098        -       0x00005820   Zero   RW         1506    .bss                seekfree_mt9v032.o
    0x1fff58b8        -       0x0000005c   Zero   RW         2191    .bss                em.o
    0x1fff5914   0x0000341b   0x00000004   PAD
    0x1fff5918        -       0x00000400   Zero   RW            1    STACK               startup_mk66f18.o


==============================================================================

Image component sizes


      Code (inc. data)   RO Data    RW Data    ZI Data      Debug   Object Name

       116         22          0         12          0       2992   common.o
      1460        130          0         28         92       6004   em.o
       224         48          0          0          0       3955   isr.o
       272         38          0          3          0      26641   key.o
        76          4          0          0          0        599   main.o
       564         80          8          0          0       4449   mk60_adc.o
       840         42         16          6          0       4778   mk60_ftm.o
       368         30         40          0          0       3542   mk60_gpio.o
       200         22         40          0          0       2142   mk60_port.o
       508         32          0         20          0       2330   mk60_uart.o
       116          0          0          0          0       2001   motor.o
       180         32          0         77      22560       5454   seekfree_mt9v032.o
       882         18       2072          0          0       8672   seekfree_oled.o
        56         24       1024          0       1024       1276   startup_mk66f18.o
       330         34          0          0          0     731334   system_mk66.o

    ----------------------------------------------------------------------
      6196        556       3232        152      23680     806169   Object Totals
         0          0         32          0          0          0   (incl. Generated)
         4          0          0          6          4          0   (incl. Padding)

    ----------------------------------------------------------------------

      Code (inc. data)   RO Data    RW Data    ZI Data      Debug   Library Member Name

         0          0          0          0          0          0   entry.o
         0          0          0          0          0          0   entry10a.o
         0          0          0          0          0          0   entry11a.o
         8          4          0          0          0          0   entry2.o
         4          0          0          0          0          0   entry5.o
         0          0          0          0          0          0   entry7b.o
         0          0          0          0          0          0   entry8b.o
         8          4          0          0          0          0   entry9a.o
        30          0          0          0          0          0   handlers.o
        36          8          0          0          0         68   init.o
         0          0          0          0          0          0   iusefp.o
        30          0          0          0          0         68   llshl.o
        36          0          0          0          0         68   llsshr.o
        32          0          0          0          0         68   llushr.o
      2276         86          0          0          0        520   printfa.o
        44          0          0          0          0         80   uidiv.o
        98          0          0          0          0         92   uldiv.o
        48          0          0          0          0         68   cdrcmple.o
       334          0          0          0          0        148   dadd.o
       222          0          0          0          0        100   ddiv.o
       186          0          0          0          0        176   depilogue.o
        50          0          0          0          0         76   dfixui.o
        48          0          0          0          0         68   dfixul.o
       228          0          0          0          0         96   dmul.o
        38          0          0          0          0         68   f2d.o

    ----------------------------------------------------------------------
      3760        102          0          0          0       1764   Library Totals
         4          0          0          0          0          0   (incl. Padding)

    ----------------------------------------------------------------------

      Code (inc. data)   RO Data    RW Data    ZI Data      Debug   Library Name

      2602        102          0          0          0        964   mc_w.l
      1154          0          0          0          0        800   mf_w.l

    ----------------------------------------------------------------------
      3760        102          0          0          0       1764   Library Totals

    ----------------------------------------------------------------------

==============================================================================


      Code (inc. data)   RO Data    RW Data    ZI Data      Debug   

      9956        658       3232        152      23680     802753   Grand Totals
      9956        658       3232        152      23680     802753   ELF Image Totals
      9956        658       3232        152          0          0   ROM Totals

==============================================================================

    Total RO  Size (Code + RO Data)                13188 (  12.88kB)
    Total RW  Size (RW Data + ZI Data)             23832 (  23.27kB)
    Total ROM Size (Code + RO Data + RW Data)      13340 (  13.03kB)

==============================================================================

